Archive member included to satisfy reference by file (symbol)

c:/st/stm32cubeide_1.10.1/stm32cubeide/plugins/com.st.stm32cube.ide.mcu.externaltools.gnu-tools-for-stm32.10.3-2021.10.win32_1.0.0.202111181127/tools/bin/../lib/gcc/arm-none-eabi/10.3.1/../../../../arm-none-eabi/lib/thumb/v6-m/nofp\libc_nano.a(lib_a-errno.o)
                              ./Core/Src/syscalls.o (__errno)
c:/st/stm32cubeide_1.10.1/stm32cubeide/plugins/com.st.stm32cube.ide.mcu.externaltools.gnu-tools-for-stm32.10.3-2021.10.win32_1.0.0.202111181127/tools/bin/../lib/gcc/arm-none-eabi/10.3.1/../../../../arm-none-eabi/lib/thumb/v6-m/nofp\libc_nano.a(lib_a-exit.o)
                              c:/st/stm32cubeide_1.10.1/stm32cubeide/plugins/com.st.stm32cube.ide.mcu.externaltools.gnu-tools-for-stm32.10.3-2021.10.win32_1.0.0.202111181127/tools/bin/../lib/gcc/arm-none-eabi/10.3.1/../../../../arm-none-eabi/lib/thumb/v6-m/nofp/crt0.o (exit)
c:/st/stm32cubeide_1.10.1/stm32cubeide/plugins/com.st.stm32cube.ide.mcu.externaltools.gnu-tools-for-stm32.10.3-2021.10.win32_1.0.0.202111181127/tools/bin/../lib/gcc/arm-none-eabi/10.3.1/../../../../arm-none-eabi/lib/thumb/v6-m/nofp\libc_nano.a(lib_a-impure.o)
                              c:/st/stm32cubeide_1.10.1/stm32cubeide/plugins/com.st.stm32cube.ide.mcu.externaltools.gnu-tools-for-stm32.10.3-2021.10.win32_1.0.0.202111181127/tools/bin/../lib/gcc/arm-none-eabi/10.3.1/../../../../arm-none-eabi/lib/thumb/v6-m/nofp\libc_nano.a(lib_a-exit.o) (_global_impure_ptr)
c:/st/stm32cubeide_1.10.1/stm32cubeide/plugins/com.st.stm32cube.ide.mcu.externaltools.gnu-tools-for-stm32.10.3-2021.10.win32_1.0.0.202111181127/tools/bin/../lib/gcc/arm-none-eabi/10.3.1/../../../../arm-none-eabi/lib/thumb/v6-m/nofp\libc_nano.a(lib_a-init.o)
                              c:/st/stm32cubeide_1.10.1/stm32cubeide/plugins/com.st.stm32cube.ide.mcu.externaltools.gnu-tools-for-stm32.10.3-2021.10.win32_1.0.0.202111181127/tools/bin/../lib/gcc/arm-none-eabi/10.3.1/../../../../arm-none-eabi/lib/thumb/v6-m/nofp/crt0.o (__libc_init_array)
c:/st/stm32cubeide_1.10.1/stm32cubeide/plugins/com.st.stm32cube.ide.mcu.externaltools.gnu-tools-for-stm32.10.3-2021.10.win32_1.0.0.202111181127/tools/bin/../lib/gcc/arm-none-eabi/10.3.1/../../../../arm-none-eabi/lib/thumb/v6-m/nofp\libc_nano.a(lib_a-memcpy-stub.o)
                              ./FreeRTOS/Source/queue.o (memcpy)
c:/st/stm32cubeide_1.10.1/stm32cubeide/plugins/com.st.stm32cube.ide.mcu.externaltools.gnu-tools-for-stm32.10.3-2021.10.win32_1.0.0.202111181127/tools/bin/../lib/gcc/arm-none-eabi/10.3.1/../../../../arm-none-eabi/lib/thumb/v6-m/nofp\libc_nano.a(lib_a-memset.o)
                              c:/st/stm32cubeide_1.10.1/stm32cubeide/plugins/com.st.stm32cube.ide.mcu.externaltools.gnu-tools-for-stm32.10.3-2021.10.win32_1.0.0.202111181127/tools/bin/../lib/gcc/arm-none-eabi/10.3.1/../../../../arm-none-eabi/lib/thumb/v6-m/nofp/crt0.o (memset)
c:/st/stm32cubeide_1.10.1/stm32cubeide/plugins/com.st.stm32cube.ide.mcu.externaltools.gnu-tools-for-stm32.10.3-2021.10.win32_1.0.0.202111181127/tools/bin/../lib/gcc/arm-none-eabi/10.3.1/thumb/v6-m/nofp\libgcc.a(_udivsi3.o)
                              ./Core/Src/stm32g0xx_hal_timebase_tim.o (__aeabi_uidiv)
c:/st/stm32cubeide_1.10.1/stm32cubeide/plugins/com.st.stm32cube.ide.mcu.externaltools.gnu-tools-for-stm32.10.3-2021.10.win32_1.0.0.202111181127/tools/bin/../lib/gcc/arm-none-eabi/10.3.1/thumb/v6-m/nofp\libgcc.a(_divsi3.o)
                              ./Drivers/STM32G0xx_HAL_Driver/Src/stm32g0xx_hal_uart_ex.o (__aeabi_idiv)
c:/st/stm32cubeide_1.10.1/stm32cubeide/plugins/com.st.stm32cube.ide.mcu.externaltools.gnu-tools-for-stm32.10.3-2021.10.win32_1.0.0.202111181127/tools/bin/../lib/gcc/arm-none-eabi/10.3.1/thumb/v6-m/nofp\libgcc.a(_dvmd_tls.o)
                              c:/st/stm32cubeide_1.10.1/stm32cubeide/plugins/com.st.stm32cube.ide.mcu.externaltools.gnu-tools-for-stm32.10.3-2021.10.win32_1.0.0.202111181127/tools/bin/../lib/gcc/arm-none-eabi/10.3.1/thumb/v6-m/nofp\libgcc.a(_udivsi3.o) (__aeabi_idiv0)
c:/st/stm32cubeide_1.10.1/stm32cubeide/plugins/com.st.stm32cube.ide.mcu.externaltools.gnu-tools-for-stm32.10.3-2021.10.win32_1.0.0.202111181127/tools/bin/../lib/gcc/arm-none-eabi/10.3.1/thumb/v6-m/nofp\libgcc.a(_aeabi_uldivmod.o)
                              ./Drivers/STM32G0xx_HAL_Driver/Src/stm32g0xx_hal_uart.o (__aeabi_uldivmod)
c:/st/stm32cubeide_1.10.1/stm32cubeide/plugins/com.st.stm32cube.ide.mcu.externaltools.gnu-tools-for-stm32.10.3-2021.10.win32_1.0.0.202111181127/tools/bin/../lib/gcc/arm-none-eabi/10.3.1/thumb/v6-m/nofp\libgcc.a(_udivmoddi4.o)
                              c:/st/stm32cubeide_1.10.1/stm32cubeide/plugins/com.st.stm32cube.ide.mcu.externaltools.gnu-tools-for-stm32.10.3-2021.10.win32_1.0.0.202111181127/tools/bin/../lib/gcc/arm-none-eabi/10.3.1/thumb/v6-m/nofp\libgcc.a(_aeabi_uldivmod.o) (__udivmoddi4)
[...]
Memory Configuration

Name             Origin             Length             Attributes
RAM              0x0000000020000000 0x0000000000009000 xrw
FLASH            0x0000000008000000 0x0000000000020000 xr
*default*        0x0000000000000000 0xffffffffffffffff

Linker script and memory map

LOAD c:/st/stm32cubeide_1.10.1/stm32cubeide/plugins/com.st.stm32cube.ide.mcu.externaltools.gnu-tools-for-stm32.10.3-2021.10.win32_1.0.0.202111181127/tools/bin/../lib/gcc/arm-none-eabi/10.3.1/thumb/v6-m/nofp/crti.o
LOAD c:/st/stm32cubeide_1.10.1/stm32cubeide/plugins/com.st.stm32cube.ide.mcu.externaltools.gnu-tools-for-stm32.10.3-2021.10.win32_1.0.0.202111181127/tools/bin/../lib/gcc/arm-none-eabi/10.3.1/thumb/v6-m/nofp/crtbegin.o
LOAD c:/st/stm32cubeide_1.10.1/stm32cubeide/plugins/com.st.stm32cube.ide.mcu.externaltools.gnu-tools-for-stm32.10.3-2021.10.win32_1.0.0.202111181127/tools/bin/../lib/gcc/arm-none-eabi/10.3.1/../../../../arm-none-eabi/lib/thumb/v6-m/nofp/crt0.o
LOAD ./Core/Src/gpio.o
LOAD ./Core/Src/main.o
LOAD ./Core/Src/stm32g0xx_hal_msp.o
LOAD ./Core/Src/stm32g0xx_hal_timebase_tim.o
LOAD ./Core/Src/stm32g0xx_it.o
LOAD ./Core/Src/syscalls.o
LOAD ./Core/Src/sysmem.o
LOAD ./Core/Src/system_stm32g0xx.o
LOAD ./Core/Src/usart.o
LOAD ./Core/Startup/startup_stm32g071rbtx.o
LOAD ./Drivers/STM32G0xx_HAL_Driver/Src/stm32g0xx_hal.o
LOAD ./Drivers/STM32G0xx_HAL_Driver/Src/stm32g0xx_hal_cortex.o
LOAD ./Drivers/STM32G0xx_HAL_Driver/Src/stm32g0xx_hal_dma.o
LOAD ./Drivers/STM32G0xx_HAL_Driver/Src/stm32g0xx_hal_dma_ex.o
LOAD ./Drivers/STM32G0xx_HAL_Driver/Src/stm32g0xx_hal_exti.o
LOAD ./Drivers/STM32G0xx_HAL_Driver/Src/stm32g0xx_hal_flash.o
LOAD ./Drivers/STM32G0xx_HAL_Driver/Src/stm32g0xx_hal_flash_ex.o
LOAD ./Drivers/STM32G0xx_HAL_Driver/Src/stm32g0xx_hal_gpio.o
LOAD ./Drivers/STM32G0xx_HAL_Driver/Src/stm32g0xx_hal_pwr.o
LOAD ./Drivers/STM32G0xx_HAL_Driver/Src/stm32g0xx_hal_pwr_ex.o
LOAD ./Drivers/STM32G0xx_HAL_Driver/Src/stm32g0xx_hal_rcc.o
LOAD ./Drivers/STM32G0xx_HAL_Driver/Src/stm32g0xx_hal_rcc_ex.o
LOAD ./Drivers/STM32G0xx_HAL_Driver/Src/stm32g0xx_hal_tim.o
LOAD ./Drivers/STM32G0xx_HAL_Driver/Src/stm32g0xx_hal_tim_ex.o
LOAD ./Drivers/STM32G0xx_HAL_Driver/Src/stm32g0xx_hal_uart.o
LOAD ./Drivers/STM32G0xx_HAL_Driver/Src/stm32g0xx_hal_uart_ex.o
LOAD ./Drivers/STM32G0xx_HAL_Driver/Src/stm32g0xx_ll_dma.o
LOAD ./Drivers/STM32G0xx_HAL_Driver/Src/stm32g0xx_ll_rcc.o
LOAD ./FreeRTOS/Source/croutine.o
LOAD ./FreeRTOS/Source/event_groups.o
LOAD ./FreeRTOS/Source/list.o
LOAD ./FreeRTOS/Source/queue.o
LOAD ./FreeRTOS/Source/stream_buffer.o
LOAD ./FreeRTOS/Source/tasks.o
LOAD ./FreeRTOS/Source/timers.o
LOAD ./FreeRTOS/Source/portable/GCC/ARM_CM0/port.o
LOAD ./FreeRTOS/Source/portable/MemMang/heap_4.o
START GROUP
LOAD c:/st/stm32cubeide_1.10.1/stm32cubeide/plugins/com.st.stm32cube.ide.mcu.externaltools.gnu-tools-for-stm32.10.3-2021.10.win32_1.0.0.202111181127/tools/bin/../lib/gcc/arm-none-eabi/10.3.1/../../../../arm-none-eabi/lib/thumb/v6-m/nofp\libc_nano.a
LOAD c:/st/stm32cubeide_1.10.1/stm32cubeide/plugins/com.st.stm32cube.ide.mcu.externaltools.gnu-tools-for-stm32.10.3-2021.10.win32_1.0.0.202111181127/tools/bin/../lib/gcc/arm-none-eabi/10.3.1/../../../../arm-none-eabi/lib/thumb/v6-m/nofp\libm.a
END GROUP
START GROUP
LOAD c:/st/stm32cubeide_1.10.1/stm32cubeide/plugins/com.st.stm32cube.ide.mcu.externaltools.gnu-tools-for-stm32.10.3-2021.10.win32_1.0.0.202111181127/tools/bin/../lib/gcc/arm-none-eabi/10.3.1/thumb/v6-m/nofp\libgcc.a
LOAD c:/st/stm32cubeide_1.10.1/stm32cubeide/plugins/com.st.stm32cube.ide.mcu.externaltools.gnu-tools-for-stm32.10.3-2021.10.win32_1.0.0.202111181127/tools/bin/../lib/gcc/arm-none-eabi/10.3.1/../../../../arm-none-eabi/lib/thumb/v6-m/nofp\libc_nano.a
END GROUP
START GROUP
LOAD c:/st/stm32cubeide_1.10.1/stm32cubeide/plugins/com.st.stm32cube.ide.mcu.externaltools.gnu-tools-for-stm32.10.3-2021.10.win32_1.0.0.202111181127/tools/bin/../lib/gcc/arm-none-eabi/10.3.1/thumb/v6-m/nofp\libgcc.a
LOAD c:/st/stm32cubeide_1.10.1/stm32cubeide/plugins/com.st.stm32cube.ide.mcu.externaltools.gnu-tools-for-stm32.10.3-2021.10.win32_1.0.0.202111181127/tools/bin/../lib/gcc/arm-none-eabi/10.3.1/../../../../arm-none-eabi/lib/thumb/v6-m/nofp\libc_nano.a
LOAD c:/st/stm32cubeide_1.10.1/stm32cubeide/plugins/com.st.stm32cube.ide.mcu.externaltools.gnu-tools-for-stm32.10.3-2021.10.win32_1.0.0.202111181127/tools/bin/../lib/gcc/arm-none-eabi/10.3.1/../../../../arm-none-eabi/lib/thumb/v6-m/nofp\libnosys.a
END GROUP
START GROUP
LOAD c:/st/stm32cubeide_1.10.1/stm32cubeide/plugins/com.st.stm32cube.ide.mcu.externaltools.gnu-tools-for-stm32.10.3-2021.10.win32_1.0.0.202111181127/tools/bin/../lib/gcc/arm-none-eabi/10.3.1/thumb/v6-m/nofp\libgcc.a
LOAD c:/st/stm32cubeide_1.10.1/stm32cubeide/plugins/com.st.stm32cube.ide.mcu.externaltools.gnu-tools-for-stm32.10.3-2021.10.win32_1.0.0.202111181127/tools/bin/../lib/gcc/arm-none-eabi/10.3.1/../../../../arm-none-eabi/lib/thumb/v6-m/nofp\libc_nano.a
LOAD c:/st/stm32cubeide_1.10.1/stm32cubeide/plugins/com.st.stm32cube.ide.mcu.externaltools.gnu-tools-for-stm32.10.3-2021.10.win32_1.0.0.202111181127/tools/bin/../lib/gcc/arm-none-eabi/10.3.1/../../../../arm-none-eabi/lib/thumb/v6-m/nofp\libnosys.a
END GROUP
LOAD c:/st/stm32cubeide_1.10.1/stm32cubeide/plugins/com.st.stm32cube.ide.mcu.externaltools.gnu-tools-for-stm32.10.3-2021.10.win32_1.0.0.202111181127/tools/bin/../lib/gcc/arm-none-eabi/10.3.1/thumb/v6-m/nofp/crtend.o
LOAD c:/st/stm32cubeide_1.10.1/stm32cubeide/plugins/com.st.stm32cube.ide.mcu.externaltools.gnu-tools-for-stm32.10.3-2021.10.win32_1.0.0.202111181127/tools/bin/../lib/gcc/arm-none-eabi/10.3.1/thumb/v6-m/nofp/crtn.o
                0x0000000020009000                _estack = (ORIGIN (RAM) + LENGTH (RAM))
                0x0000000000000200                _Min_Heap_Size = 0x200
                0x0000000000000400                _Min_Stack_Size = 0x400

.isr_vector     0x0000000008000000       0xbc
                0x0000000008000000                . = ALIGN (0x4)
 *(.isr_vector)
 .isr_vector    0x0000000008000000       0xbc ./Core/Startup/startup_stm32g071rbtx.o
                0x0000000008000000                g_pfnVectors
                0x00000000080000bc                . = ALIGN (0x4)

.text           0x00000000080000c0     0x4ee8
                0x00000000080000c0                . = ALIGN (0x4)
 *(.text)
 .text          0x00000000080000c0       0x48 c:/st/stm32cubeide_1.10.1/stm32cubeide/plugins/com.st.stm32cube.ide.mcu.externaltools.gnu-tools-for-stm32.10.3-2021.10.win32_1.0.0.202111181127/tools/bin/../lib/gcc/arm-none-eabi/10.3.1/thumb/v6-m/nofp/crtbegin.o
 .text          0x0000000008000108      0x114 c:/st/stm32cubeide_1.10.1/stm32cubeide/plugins/com.st.stm32cube.ide.mcu.externaltools.gnu-tools-for-stm32.10.3-2021.10.win32_1.0.0.202111181127/tools/bin/../lib/gcc/arm-none-eabi/10.3.1/thumb/v6-m/nofp\libgcc.a(_udivsi3.o)
                0x0000000008000108                __aeabi_uidiv
                0x0000000008000108                __udivsi3
                0x0000000008000214                __aeabi_uidivmod
 .text          0x000000000800021c      0x1d4 c:/st/stm32cubeide_1.10.1/stm32cubeide/plugins/com.st.stm32cube.ide.mcu.externaltools.gnu-tools-for-stm32.10.3-2021.10.win32_1.0.0.202111181127/tools/bin/../lib/gcc/arm-none-eabi/10.3.1/thumb/v6-m/nofp\libgcc.a(_divsi3.o)
                0x000000000800021c                __divsi3
                0x000000000800021c                __aeabi_idiv
                0x00000000080003e8                __aeabi_idivmod
 .text          0x00000000080003f0        0x4 c:/st/stm32cubeide_1.10.1/stm32cubeide/plugins/com.st.stm32cube.ide.mcu.externaltools.gnu-tools-for-stm32.10.3-2021.10.win32_1.0.0.202111181127/tools/bin/../lib/gcc/arm-none-eabi/10.3.1/thumb/v6-m/nofp\libgcc.a(_dvmd_tls.o)
                0x00000000080003f0                __aeabi_idiv0
                0x00000000080003f0                __aeabi_ldiv0
 .text          0x00000000080003f4       0x40 c:/st/stm32cubeide_1.10.1/stm32cubeide/plugins/com.st.stm32cube.ide.mcu.externaltools.gnu-tools-for-stm32.10.3-2021.10.win32_1.0.0.202111181127/tools/bin/../lib/gcc/arm-none-eabi/10.3.1/thumb/v6-m/nofp\libgcc.a(_aeabi_uldivmod.o)
                0x00000000080003f4                __aeabi_uldivmod
 .text          0x0000000008000434      0x198 c:/st/stm32cubeide_1.10.1/stm32cubeide/plugins/com.st.stm32cube.ide.mcu.externaltools.gnu-tools-for-stm32.10.3-2021.10.win32_1.0.0.202111181127/tools/bin/../lib/gcc/arm-none-eabi/10.3.1/thumb/v6-m/nofp\libgcc.a(_udivmoddi4.o)
                0x0000000008000434                __udivmoddi4
 .text          0x00000000080005cc       0x18 c:/st/stm32cubeide_1.10.1/stm32cubeide/plugins/com.st.stm32cube.ide.mcu.externaltools.gnu-tools-for-stm32.10.3-2021.10.win32_1.0.0.202111181127/tools/bin/../lib/gcc/arm-none-eabi/10.3.1/thumb/v6-m/nofp\libgcc.a(_clzdi2.o)
                0x00000000080005cc                __clzdi2
 .text          0x00000000080005e4       0x3c c:/st/stm32cubeide_1.10.1/stm32cubeide/plugins/com.st.stm32cube.ide.mcu.externaltools.gnu-tools-for-stm32.10.3-2021.10.win32_1.0.0.202111181127/tools/bin/../lib/gcc/arm-none-eabi/10.3.1/thumb/v6-m/nofp\libgcc.a(_clzsi2.o)
                0x00000000080005e4                __clzsi2
 *(.text*)
 .text.MX_GPIO_Init
                0x0000000008000620       0xa0 ./Core/Src/gpio.o
                0x0000000008000620                MX_GPIO_Init
 .text.main     0x00000000080006c0       0x3c ./Core/Src/main.o
                0x00000000080006c0                main
 .text.SystemClock_Config
                0x00000000080006fc       0x90 ./Core/Src/main.o
                0x00000000080006fc                SystemClock_Config
 .text.vhToggleLed
                0x000000000800078c       0x16 ./Core/Src/main.o
                0x000000000800078c                vhToggleLed
 .text.vTaskLed
                0x00000000080007a2       0x26 ./Core/Src/main.o
                0x00000000080007a2                vTaskLed
 .text.prvSetupHardware
                0x00000000080007c8        0xa ./Core/Src/main.o
 .text.HAL_TIM_PeriodElapsedCallback
                0x00000000080007d2       0x20 ./Core/Src/main.o
                0x00000000080007d2                HAL_TIM_PeriodElapsedCallback
 .text.Error_Handler
                0x00000000080007f2        0xa ./Core/Src/main.o
                0x00000000080007f2                Error_Handler
 .text.HAL_MspInit
                0x00000000080007fc       0x48 ./Core/Src/stm32g0xx_hal_msp.o
                0x00000000080007fc                HAL_MspInit
 .text.HAL_InitTick
                0x0000000008000844      0x108 ./Core/Src/stm32g0xx_hal_timebase_tim.o
                0x0000000008000844                HAL_InitTick
 .text.NMI_Handler
                0x000000000800094c        0x6 ./Core/Src/stm32g0xx_it.o
                0x000000000800094c                NMI_Handler
 .text.HardFault_Handler
                0x0000000008000952        0x6 ./Core/Src/stm32g0xx_it.o
                0x0000000008000952                HardFault_Handler
 .text.TIM2_IRQHandler
                0x0000000008000958       0x18 ./Core/Src/stm32g0xx_it.o
                0x0000000008000958                TIM2_IRQHandler
 .text.SystemInit
                0x0000000008000970        0xa ./Core/Src/system_stm32g0xx.o
                0x0000000008000970                SystemInit
 *fill*         0x000000000800097a        0x2 
 .text.MX_USART2_UART_Init
                0x000000000800097c       0x9c ./Core/Src/usart.o
                0x000000000800097c                MX_USART2_UART_Init
 .text.HAL_UART_MspInit
                0x0000000008000a18       0xc0 ./Core/Src/usart.o
                0x0000000008000a18                HAL_UART_MspInit
 .text.Reset_Handler
                0x0000000008000ad8       0x50 ./Core/Startup/startup_stm32g071rbtx.o
                0x0000000008000ad8                Reset_Handler
 .text.Default_Handler
                0x0000000008000b28        0x2 ./Core/Startup/startup_stm32g071rbtx.o
                0x0000000008000b28                USART3_4_LPUART1_IRQHandler
                0x0000000008000b28                TIM1_CC_IRQHandler
                0x0000000008000b28                ADC1_COMP_IRQHandler
                0x0000000008000b28                PVD_IRQHandler
                0x0000000008000b28                I2C1_IRQHandler
                0x0000000008000b28                TIM7_LPTIM2_IRQHandler
                0x0000000008000b28                RTC_TAMP_IRQHandler
                0x0000000008000b28                SPI1_IRQHandler
                0x0000000008000b28                EXTI2_3_IRQHandler
                0x0000000008000b28                I2C2_IRQHandler
                0x0000000008000b28                TIM17_IRQHandler
                0x0000000008000b28                TIM16_IRQHandler
                0x0000000008000b28                TIM3_IRQHandler
                0x0000000008000b28                EXTI4_15_IRQHandler
                0x0000000008000b28                RCC_IRQHandler
                0x0000000008000b28                DMA1_Channel1_IRQHandler
                0x0000000008000b28                Default_Handler
                0x0000000008000b28                CEC_IRQHandler
                0x0000000008000b28                TIM14_IRQHandler
                0x0000000008000b28                TIM15_IRQHandler
                0x0000000008000b28                EXTI0_1_IRQHandler
                0x0000000008000b28                SPI2_IRQHandler
                0x0000000008000b28                TIM6_DAC_LPTIM1_IRQHandler
                0x0000000008000b28                WWDG_IRQHandler
                0x0000000008000b28                DMA1_Ch4_7_DMAMUX1_OVR_IRQHandler
                0x0000000008000b28                DMA1_Channel2_3_IRQHandler
                0x0000000008000b28                UCPD1_2_IRQHandler
                0x0000000008000b28                USART2_IRQHandler
                0x0000000008000b28                FLASH_IRQHandler
                0x0000000008000b28                USART1_IRQHandler
                0x0000000008000b28                TIM1_BRK_UP_TRG_COM_IRQHandler
 *fill*         0x0000000008000b2a        0x2 
 .text.HAL_Init
                0x0000000008000b2c       0x40 ./Drivers/STM32G0xx_HAL_Driver/Src/stm32g0xx_hal.o
                0x0000000008000b2c                HAL_Init
 .text.HAL_IncTick
                0x0000000008000b6c       0x24 ./Drivers/STM32G0xx_HAL_Driver/Src/stm32g0xx_hal.o
                0x0000000008000b6c                HAL_IncTick
 .text.HAL_GetTick
                0x0000000008000b90       0x14 ./Drivers/STM32G0xx_HAL_Driver/Src/stm32g0xx_hal.o
                0x0000000008000b90                HAL_GetTick
 .text.__NVIC_EnableIRQ
                0x0000000008000ba4       0x34 ./Drivers/STM32G0xx_HAL_Driver/Src/stm32g0xx_hal_cortex.o
 .text.__NVIC_SetPriority
                0x0000000008000bd8       0xdc ./Drivers/STM32G0xx_HAL_Driver/Src/stm32g0xx_hal_cortex.o
 .text.HAL_NVIC_SetPriority
                0x0000000008000cb4       0x2a ./Drivers/STM32G0xx_HAL_Driver/Src/stm32g0xx_hal_cortex.o
                0x0000000008000cb4                HAL_NVIC_SetPriority
 .text.HAL_NVIC_EnableIRQ
                0x0000000008000cde       0x20 ./Drivers/STM32G0xx_HAL_Driver/Src/stm32g0xx_hal_cortex.o
                0x0000000008000cde                HAL_NVIC_EnableIRQ
 *fill*         0x0000000008000cfe        0x2 
 .text.HAL_GPIO_Init
                0x0000000008000d00      0x2c8 ./Drivers/STM32G0xx_HAL_Driver/Src/stm32g0xx_hal_gpio.o
                0x0000000008000d00                HAL_GPIO_Init
 .text.HAL_GPIO_WritePin
                0x0000000008000fc8       0x3a ./Drivers/STM32G0xx_HAL_Driver/Src/stm32g0xx_hal_gpio.o
                0x0000000008000fc8                HAL_GPIO_WritePin
 .text.HAL_GPIO_TogglePin
                0x0000000008001002       0x36 ./Drivers/STM32G0xx_HAL_Driver/Src/stm32g0xx_hal_gpio.o
                0x0000000008001002                HAL_GPIO_TogglePin
 .text.HAL_PWREx_ControlVoltageScaling
                0x0000000008001038       0x80 ./Drivers/STM32G0xx_HAL_Driver/Src/stm32g0xx_hal_pwr_ex.o
                0x0000000008001038                HAL_PWREx_ControlVoltageScaling
 .text.LL_RCC_GetAPB1Prescaler
                0x00000000080010b8       0x18 ./Drivers/STM32G0xx_HAL_Driver/Src/stm32g0xx_hal_rcc.o
 .text.HAL_RCC_OscConfig
                0x00000000080010d0      0x634 ./Drivers/STM32G0xx_HAL_Driver/Src/stm32g0xx_hal_rcc.o
                0x00000000080010d0                HAL_RCC_OscConfig
 .text.HAL_RCC_ClockConfig
                0x0000000008001704      0x210 ./Drivers/STM32G0xx_HAL_Driver/Src/stm32g0xx_hal_rcc.o
                0x0000000008001704                HAL_RCC_ClockConfig
 .text.HAL_RCC_GetSysClockFreq
                0x0000000008001914      0x104 ./Drivers/STM32G0xx_HAL_Driver/Src/stm32g0xx_hal_rcc.o
                0x0000000008001914                HAL_RCC_GetSysClockFreq
 .text.HAL_RCC_GetHCLKFreq
                0x0000000008001a18       0x14 ./Drivers/STM32G0xx_HAL_Driver/Src/stm32g0xx_hal_rcc.o
                0x0000000008001a18                HAL_RCC_GetHCLKFreq
 .text.HAL_RCC_GetPCLK1Freq
                0x0000000008001a2c       0x2c ./Drivers/STM32G0xx_HAL_Driver/Src/stm32g0xx_hal_rcc.o
                0x0000000008001a2c                HAL_RCC_GetPCLK1Freq
 .text.HAL_RCC_GetClockConfig
                0x0000000008001a58       0x54 ./Drivers/STM32G0xx_HAL_Driver/Src/stm32g0xx_hal_rcc.o
                0x0000000008001a58                HAL_RCC_GetClockConfig
 .text.HAL_RCCEx_PeriphCLKConfig
                0x0000000008001aac      0x370 ./Drivers/STM32G0xx_HAL_Driver/Src/stm32g0xx_hal_rcc_ex.o
                0x0000000008001aac                HAL_RCCEx_PeriphCLKConfig
 .text.HAL_TIM_Base_Init
                0x0000000008001e1c       0xb0 ./Drivers/STM32G0xx_HAL_Driver/Src/stm32g0xx_hal_tim.o
                0x0000000008001e1c                HAL_TIM_Base_Init
 .text.HAL_TIM_Base_MspInit
                0x0000000008001ecc       0x10 ./Drivers/STM32G0xx_HAL_Driver/Src/stm32g0xx_hal_tim.o
                0x0000000008001ecc                HAL_TIM_Base_MspInit
 .text.HAL_TIM_Base_Start_IT
                0x0000000008001edc       0xb8 ./Drivers/STM32G0xx_HAL_Driver/Src/stm32g0xx_hal_tim.o
                0x0000000008001edc                HAL_TIM_Base_Start_IT
 .text.HAL_TIM_IRQHandler
                0x0000000008001f94      0x264 ./Drivers/STM32G0xx_HAL_Driver/Src/stm32g0xx_hal_tim.o
                0x0000000008001f94                HAL_TIM_IRQHandler
 .text.HAL_TIM_OC_DelayElapsedCallback
                0x00000000080021f8       0x10 ./Drivers/STM32G0xx_HAL_Driver/Src/stm32g0xx_hal_tim.o
                0x00000000080021f8                HAL_TIM_OC_DelayElapsedCallback
 .text.HAL_TIM_IC_CaptureCallback
                0x0000000008002208       0x10 ./Drivers/STM32G0xx_HAL_Driver/Src/stm32g0xx_hal_tim.o
                0x0000000008002208                HAL_TIM_IC_CaptureCallback
 .text.HAL_TIM_PWM_PulseFinishedCallback
                0x0000000008002218       0x10 ./Drivers/STM32G0xx_HAL_Driver/Src/stm32g0xx_hal_tim.o
                0x0000000008002218                HAL_TIM_PWM_PulseFinishedCallback
 .text.HAL_TIM_TriggerCallback
                0x0000000008002228       0x10 ./Drivers/STM32G0xx_HAL_Driver/Src/stm32g0xx_hal_tim.o
                0x0000000008002228                HAL_TIM_TriggerCallback
 .text.TIM_Base_SetConfig
                0x0000000008002238      0x100 ./Drivers/STM32G0xx_HAL_Driver/Src/stm32g0xx_hal_tim.o
                0x0000000008002238                TIM_Base_SetConfig
 .text.HAL_TIMEx_CommutCallback
                0x0000000008002338       0x10 ./Drivers/STM32G0xx_HAL_Driver/Src/stm32g0xx_hal_tim_ex.o
                0x0000000008002338                HAL_TIMEx_CommutCallback
 .text.HAL_TIMEx_BreakCallback
                0x0000000008002348       0x10 ./Drivers/STM32G0xx_HAL_Driver/Src/stm32g0xx_hal_tim_ex.o
                0x0000000008002348                HAL_TIMEx_BreakCallback
 .text.HAL_TIMEx_Break2Callback
                0x0000000008002358       0x10 ./Drivers/STM32G0xx_HAL_Driver/Src/stm32g0xx_hal_tim_ex.o
                0x0000000008002358                HAL_TIMEx_Break2Callback
 .text.HAL_UART_Init
                0x0000000008002368       0xac ./Drivers/STM32G0xx_HAL_Driver/Src/stm32g0xx_hal_uart.o
                0x0000000008002368                HAL_UART_Init
 .text.UART_SetConfig
                0x0000000008002414      0x57c ./Drivers/STM32G0xx_HAL_Driver/Src/stm32g0xx_hal_uart.o
                0x0000000008002414                UART_SetConfig
 .text.UART_AdvFeatureConfig
                0x0000000008002990      0x168 ./Drivers/STM32G0xx_HAL_Driver/Src/stm32g0xx_hal_uart.o
                0x0000000008002990                UART_AdvFeatureConfig
 .text.UART_CheckIdleState
                0x0000000008002af8       0x9c ./Drivers/STM32G0xx_HAL_Driver/Src/stm32g0xx_hal_uart.o
                0x0000000008002af8                UART_CheckIdleState
 .text.UART_WaitOnFlagUntilTimeout
                0x0000000008002b94      0x190 ./Drivers/STM32G0xx_HAL_Driver/Src/stm32g0xx_hal_uart.o
                0x0000000008002b94                UART_WaitOnFlagUntilTimeout
 .text.HAL_UARTEx_DisableFifoMode
                0x0000000008002d24       0x74 ./Drivers/STM32G0xx_HAL_Driver/Src/stm32g0xx_hal_uart_ex.o
                0x0000000008002d24                HAL_UARTEx_DisableFifoMode
 .text.HAL_UARTEx_SetTxFifoThreshold
                0x0000000008002d98       0x7e ./Drivers/STM32G0xx_HAL_Driver/Src/stm32g0xx_hal_uart_ex.o
                0x0000000008002d98                HAL_UARTEx_SetTxFifoThreshold
 *fill*         0x0000000008002e16        0x2 
 .text.HAL_UARTEx_SetRxFifoThreshold
                0x0000000008002e18       0x84 ./Drivers/STM32G0xx_HAL_Driver/Src/stm32g0xx_hal_uart_ex.o
                0x0000000008002e18                HAL_UARTEx_SetRxFifoThreshold
 .text.UARTEx_SetNbDataToProcess
                0x0000000008002e9c       0xbc ./Drivers/STM32G0xx_HAL_Driver/Src/stm32g0xx_hal_uart_ex.o
 .text.vListInitialise
                0x0000000008002f58       0x3c ./FreeRTOS/Source/list.o
                0x0000000008002f58                vListInitialise
 .text.vListInitialiseItem
                0x0000000008002f94       0x16 ./FreeRTOS/Source/list.o
                0x0000000008002f94                vListInitialiseItem
 .text.vListInsert
                0x0000000008002faa       0x6c ./FreeRTOS/Source/list.o
                0x0000000008002faa                vListInsert
 .text.uxListRemove
                0x0000000008003016       0x50 ./FreeRTOS/Source/list.o
                0x0000000008003016                uxListRemove
 .text.xQueueGenericReset
                0x0000000008003066      0x112 ./FreeRTOS/Source/queue.o
                0x0000000008003066                xQueueGenericReset
 .text.xQueueGenericCreate
                0x0000000008003178       0xbc ./FreeRTOS/Source/queue.o
                0x0000000008003178                xQueueGenericCreate
 .text.prvInitialiseNewQueue
                0x0000000008003234       0x4e ./FreeRTOS/Source/queue.o
 .text.xQueueReceive
                0x0000000008003282      0x16a ./FreeRTOS/Source/queue.o
                0x0000000008003282                xQueueReceive
 .text.prvCopyDataFromQueue
                0x00000000080033ec       0x4c ./FreeRTOS/Source/queue.o
 .text.prvUnlockQueue
                0x0000000008003438       0xbc ./FreeRTOS/Source/queue.o
 .text.prvIsQueueEmpty
                0x00000000080034f4       0x2c ./FreeRTOS/Source/queue.o
 .text.vQueueAddToRegistry
                0x0000000008003520       0x88 ./FreeRTOS/Source/queue.o
                0x0000000008003520                vQueueAddToRegistry
 .text.vQueueWaitForMessageRestricted
                0x00000000080035a8       0x66 ./FreeRTOS/Source/queue.o
                0x00000000080035a8                vQueueWaitForMessageRestricted
 .text.xTaskCreate
                0x000000000800360e       0x90 ./FreeRTOS/Source/tasks.o
                0x000000000800360e                xTaskCreate
 *fill*         0x000000000800369e        0x2 
 .text.prvInitialiseNewTask
                0x00000000080036a0      0x12c ./FreeRTOS/Source/tasks.o
 .text.prvAddNewTaskToReadyList
                0x00000000080037cc      0x11c ./FreeRTOS/Source/tasks.o
 .text.xTaskDelayUntil
                0x00000000080038e8       0xb8 ./FreeRTOS/Source/tasks.o
                0x00000000080038e8                xTaskDelayUntil
 .text.vTaskStartScheduler
                0x00000000080039a0       0x80 ./FreeRTOS/Source/tasks.o
                0x00000000080039a0                vTaskStartScheduler
 .text.vTaskSuspendAll
                0x0000000008003a20       0x18 ./FreeRTOS/Source/tasks.o
                0x0000000008003a20                vTaskSuspendAll
 .text.xTaskResumeAll
                0x0000000008003a38      0x1d0 ./FreeRTOS/Source/tasks.o
                0x0000000008003a38                xTaskResumeAll
 .text.xTaskGetTickCount
                0x0000000008003c08       0x1c ./FreeRTOS/Source/tasks.o
                0x0000000008003c08                xTaskGetTickCount
 .text.xTaskIncrementTick
                0x0000000008003c24      0x218 ./FreeRTOS/Source/tasks.o
                0x0000000008003c24                xTaskIncrementTick
 .text.vTaskSwitchContext
                0x0000000008003e3c       0xa4 ./FreeRTOS/Source/tasks.o
                0x0000000008003e3c                vTaskSwitchContext
 .text.vTaskPlaceOnEventList
                0x0000000008003ee0       0x3c ./FreeRTOS/Source/tasks.o
                0x0000000008003ee0                vTaskPlaceOnEventList
 .text.vTaskPlaceOnEventListRestricted
                0x0000000008003f1c       0x7c ./FreeRTOS/Source/tasks.o
                0x0000000008003f1c                vTaskPlaceOnEventListRestricted
 .text.xTaskRemoveFromEventList
                0x0000000008003f98      0x194 ./FreeRTOS/Source/tasks.o
                0x0000000008003f98                xTaskRemoveFromEventList
 .text.vTaskInternalSetTimeOutState
                0x000000000800412c       0x28 ./FreeRTOS/Source/tasks.o
                0x000000000800412c                vTaskInternalSetTimeOutState
 .text.xTaskCheckForTimeOut
                0x0000000008004154       0xa8 ./FreeRTOS/Source/tasks.o
                0x0000000008004154                xTaskCheckForTimeOut
 .text.vTaskMissedYield
                0x00000000080041fc       0x14 ./FreeRTOS/Source/tasks.o
                0x00000000080041fc                vTaskMissedYield
 .text.prvIdleTask
                0x0000000008004210       0x20 ./FreeRTOS/Source/tasks.o
 .text.prvInitialiseTaskLists
                0x0000000008004230       0x88 ./FreeRTOS/Source/tasks.o
 .text.prvCheckTasksWaitingTermination
                0x00000000080042b8       0x5c ./FreeRTOS/Source/tasks.o
 .text.prvDeleteTCB
                0x0000000008004314       0x22 ./FreeRTOS/Source/tasks.o
 *fill*         0x0000000008004336        0x2 
 .text.prvResetNextTaskUnblockTime
                0x0000000008004338       0x34 ./FreeRTOS/Source/tasks.o
 .text.xTaskGetSchedulerState
                0x000000000800436c       0x38 ./FreeRTOS/Source/tasks.o
                0x000000000800436c                xTaskGetSchedulerState
 .text.prvAddCurrentTaskToDelayedList
                0x00000000080043a4       0xdc ./FreeRTOS/Source/tasks.o
 .text.xTimerCreateTimerTask
                0x0000000008004480       0x54 ./FreeRTOS/Source/timers.o
                0x0000000008004480                xTimerCreateTimerTask
 .text.prvReloadTimer
                0x00000000080044d4       0x42 ./FreeRTOS/Source/timers.o
 *fill*         0x0000000008004516        0x2 
 .text.prvProcessExpiredTimer
                0x0000000008004518       0x64 ./FreeRTOS/Source/timers.o
 .text.prvTimerTask
                0x000000000800457c       0x28 ./FreeRTOS/Source/timers.o
 .text.prvProcessTimerOrBlockTask
                0x00000000080045a4       0x90 ./FreeRTOS/Source/timers.o
 .text.prvGetNextExpireTime
                0x0000000008004634       0x44 ./FreeRTOS/Source/timers.o
 .text.prvSampleTimeNow
                0x0000000008004678       0x40 ./FreeRTOS/Source/timers.o
 .text.prvInsertTimerInActiveList
                0x00000000080046b8       0x84 ./FreeRTOS/Source/timers.o
 .text.prvProcessReceivedCommands
                0x000000000800473c      0x15c ./FreeRTOS/Source/timers.o
 .text.prvSwitchTimerLists
                0x0000000008004898       0x50 ./FreeRTOS/Source/timers.o
 .text.prvCheckForValidListAndQueue
                0x00000000080048e8       0x74 ./FreeRTOS/Source/timers.o
 .text.pxPortInitialiseStack
                0x000000000800495c       0x54 ./FreeRTOS/Source/portable/GCC/ARM_CM0/port.o
                0x000000000800495c                pxPortInitialiseStack
 .text.prvTaskExitError
                0x00000000080049b0       0x30 ./FreeRTOS/Source/portable/GCC/ARM_CM0/port.o
 .text.SVC_Handler
                0x00000000080049e0        0xa ./FreeRTOS/Source/portable/GCC/ARM_CM0/port.o
                0x00000000080049e0                SVC_Handler
 *fill*         0x00000000080049ea        0x6 
 .text.vPortStartFirstTask
                0x00000000080049f0       0x38 ./FreeRTOS/Source/portable/GCC/ARM_CM0/port.o
 .text.xPortStartScheduler
                0x0000000008004a28       0x48 ./FreeRTOS/Source/portable/GCC/ARM_CM0/port.o
                0x0000000008004a28                xPortStartScheduler
 .text.vPortYield
                0x0000000008004a70       0x20 ./FreeRTOS/Source/portable/GCC/ARM_CM0/port.o
                0x0000000008004a70                vPortYield
 .text.vPortEnterCritical
                0x0000000008004a90       0x24 ./FreeRTOS/Source/portable/GCC/ARM_CM0/port.o
                0x0000000008004a90                vPortEnterCritical
 .text.vPortExitCritical
                0x0000000008004ab4       0x30 ./FreeRTOS/Source/portable/GCC/ARM_CM0/port.o
                0x0000000008004ab4                vPortExitCritical
 .text.ulSetInterruptMaskFromISR
                0x0000000008004ae4        0xc ./FreeRTOS/Source/portable/GCC/ARM_CM0/port.o
                0x0000000008004ae4                ulSetInterruptMaskFromISR
 .text.vClearInterruptMaskFromISR
                0x0000000008004af0        0x8 ./FreeRTOS/Source/portable/GCC/ARM_CM0/port.o
                0x0000000008004af0                vClearInterruptMaskFromISR
 *fill*         0x0000000008004af8        0x8 
 .text.PendSV_Handler
                0x0000000008004b00       0x48 ./FreeRTOS/Source/portable/GCC/ARM_CM0/port.o
                0x0000000008004b00                PendSV_Handler
 .text.SysTick_Handler
                0x0000000008004b48       0x34 ./FreeRTOS/Source/portable/GCC/ARM_CM0/port.o
                0x0000000008004b48                SysTick_Handler
 .text.vPortSetupTimerInterrupt
                0x0000000008004b7c       0x44 ./FreeRTOS/Source/portable/GCC/ARM_CM0/port.o
                0x0000000008004b7c                vPortSetupTimerInterrupt
 .text.pvPortMalloc
                0x0000000008004bc0      0x158 ./FreeRTOS/Source/portable/MemMang/heap_4.o
                0x0000000008004bc0                pvPortMalloc
 .text.vPortFree
                0x0000000008004d18       0x9c ./FreeRTOS/Source/portable/MemMang/heap_4.o
                0x0000000008004d18                vPortFree
 .text.prvHeapInit
                0x0000000008004db4       0xc0 ./FreeRTOS/Source/portable/MemMang/heap_4.o
 .text.prvInsertBlockIntoFreeList
                0x0000000008004e74       0xb0 ./FreeRTOS/Source/portable/MemMang/heap_4.o
 .text.__libc_init_array
                0x0000000008004f24       0x48 c:/st/stm32cubeide_1.10.1/stm32cubeide/plugins/com.st.stm32cube.ide.mcu.externaltools.gnu-tools-for-stm32.10.3-2021.10.win32_1.0.0.202111181127/tools/bin/../lib/gcc/arm-none-eabi/10.3.1/../../../../arm-none-eabi/lib/thumb/v6-m/nofp\libc_nano.a(lib_a-init.o)
                0x0000000008004f24                __libc_init_array
 .text.memcpy   0x0000000008004f6c       0x12 c:/st/stm32cubeide_1.10.1/stm32cubeide/plugins/com.st.stm32cube.ide.mcu.externaltools.gnu-tools-for-stm32.10.3-2021.10.win32_1.0.0.202111181127/tools/bin/../lib/gcc/arm-none-eabi/10.3.1/../../../../arm-none-eabi/lib/thumb/v6-m/nofp\libc_nano.a(lib_a-memcpy-stub.o)
                0x0000000008004f6c                memcpy
 .text.memset   0x0000000008004f7e       0x10 c:/st/stm32cubeide_1.10.1/stm32cubeide/plugins/com.st.stm32cube.ide.mcu.externaltools.gnu-tools-for-stm32.10.3-2021.10.win32_1.0.0.202111181127/tools/bin/../lib/gcc/arm-none-eabi/10.3.1/../../../../arm-none-eabi/lib/thumb/v6-m/nofp\libc_nano.a(lib_a-memset.o)
                0x0000000008004f7e                memset
 *(.glue_7)
 .glue_7        0x0000000008004f8e        0x0 linker stubs
 *(.glue_7t)
 .glue_7t       0x0000000008004f8e        0x0 linker stubs
 *(.eh_frame)
 *fill*         0x0000000008004f8e        0x2 
 .eh_frame      0x0000000008004f90        0x0 c:/st/stm32cubeide_1.10.1/stm32cubeide/plugins/com.st.stm32cube.ide.mcu.externaltools.gnu-tools-for-stm32.10.3-2021.10.win32_1.0.0.202111181127/tools/bin/../lib/gcc/arm-none-eabi/10.3.1/thumb/v6-m/nofp/crtbegin.o
 *(.init)
 .init          0x0000000008004f90        0x4 c:/st/stm32cubeide_1.10.1/stm32cubeide/plugins/com.st.stm32cube.ide.mcu.externaltools.gnu-tools-for-stm32.10.3-2021.10.win32_1.0.0.202111181127/tools/bin/../lib/gcc/arm-none-eabi/10.3.1/thumb/v6-m/nofp/crti.o
                0x0000000008004f90                _init
 .init          0x0000000008004f94        0x8 c:/st/stm32cubeide_1.10.1/stm32cubeide/plugins/com.st.stm32cube.ide.mcu.externaltools.gnu-tools-for-stm32.10.3-2021.10.win32_1.0.0.202111181127/tools/bin/../lib/gcc/arm-none-eabi/10.3.1/thumb/v6-m/nofp/crtn.o
 *(.fini)
 .fini          0x0000000008004f9c        0x4 c:/st/stm32cubeide_1.10.1/stm32cubeide/plugins/com.st.stm32cube.ide.mcu.externaltools.gnu-tools-for-stm32.10.3-2021.10.win32_1.0.0.202111181127/tools/bin/../lib/gcc/arm-none-eabi/10.3.1/thumb/v6-m/nofp/crti.o
                0x0000000008004f9c                _fini
 .fini          0x0000000008004fa0        0x8 c:/st/stm32cubeide_1.10.1/stm32cubeide/plugins/com.st.stm32cube.ide.mcu.externaltools.gnu-tools-for-stm32.10.3-2021.10.win32_1.0.0.202111181127/tools/bin/../lib/gcc/arm-none-eabi/10.3.1/thumb/v6-m/nofp/crtn.o
                0x0000000008004fa8                . = ALIGN (0x4)
                0x0000000008004fa8                _etext = .

.vfp11_veneer   0x0000000008004fa8        0x0
 .vfp11_veneer  0x0000000008004fa8        0x0 linker stubs

.v4_bx          0x0000000008004fa8        0x0
 .v4_bx         0x0000000008004fa8        0x0 linker stubs

.iplt           0x0000000008004fa8        0x0
 .iplt          0x0000000008004fa8        0x0 c:/st/stm32cubeide_1.10.1/stm32cubeide/plugins/com.st.stm32cube.ide.mcu.externaltools.gnu-tools-for-stm32.10.3-2021.10.win32_1.0.0.202111181127/tools/bin/../lib/gcc/arm-none-eabi/10.3.1/thumb/v6-m/nofp/crtbegin.o

.rodata         0x0000000008004fa8       0xcc
                0x0000000008004fa8                . = ALIGN (0x4)
 *(.rodata)
 .rodata        0x0000000008004fa8        0x4 ./Core/Src/main.o
 .rodata        0x0000000008004fac        0x5 ./FreeRTOS/Source/tasks.o
 *fill*         0x0000000008004fb1        0x3 
 .rodata        0x0000000008004fb4        0xd ./FreeRTOS/Source/timers.o
 *(.rodata*)
 *fill*         0x0000000008004fc1        0x3 
 .rodata.AHBPrescTable
                0x0000000008004fc4       0x40 ./Core/Src/system_stm32g0xx.o
                0x0000000008004fc4                AHBPrescTable
 .rodata.APBPrescTable
                0x0000000008005004       0x20 ./Core/Src/system_stm32g0xx.o
                0x0000000008005004                APBPrescTable
 .rodata.UARTPrescTable
                0x0000000008005024       0x18 ./Drivers/STM32G0xx_HAL_Driver/Src/stm32g0xx_hal_uart.o
                0x0000000008005024                UARTPrescTable
 .rodata.numerator.1
                0x000000000800503c        0x8 ./Drivers/STM32G0xx_HAL_Driver/Src/stm32g0xx_hal_uart_ex.o
 .rodata.denominator.0
                0x0000000008005044        0x8 ./Drivers/STM32G0xx_HAL_Driver/Src/stm32g0xx_hal_uart_ex.o
 .rodata.prvProcessReceivedCommands
                0x000000000800504c       0x28 ./FreeRTOS/Source/timers.o
                0x0000000008005074                . = ALIGN (0x4)

.ARM.extab      0x0000000008005074        0x0
                0x0000000008005074                . = ALIGN (0x4)
 *(.ARM.extab* .gnu.linkonce.armextab.*)
                0x0000000008005074                . = ALIGN (0x4)

.ARM            0x0000000008005074        0x8
                0x0000000008005074                . = ALIGN (0x4)
                0x0000000008005074                __exidx_start = .
 *(.ARM.exidx*)
 .ARM.exidx     0x0000000008005074        0x8 c:/st/stm32cubeide_1.10.1/stm32cubeide/plugins/com.st.stm32cube.ide.mcu.externaltools.gnu-tools-for-stm32.10.3-2021.10.win32_1.0.0.202111181127/tools/bin/../lib/gcc/arm-none-eabi/10.3.1/thumb/v6-m/nofp\libgcc.a(_udivmoddi4.o)
                0x000000000800507c                __exidx_end = .
                0x000000000800507c                . = ALIGN (0x4)

.rel.dyn        0x000000000800507c        0x0
 .rel.iplt      0x000000000800507c        0x0 c:/st/stm32cubeide_1.10.1/stm32cubeide/plugins/com.st.stm32cube.ide.mcu.externaltools.gnu-tools-for-stm32.10.3-2021.10.win32_1.0.0.202111181127/tools/bin/../lib/gcc/arm-none-eabi/10.3.1/thumb/v6-m/nofp/crtbegin.o

.preinit_array  0x000000000800507c        0x0
                0x000000000800507c                . = ALIGN (0x4)
                0x000000000800507c                PROVIDE (__preinit_array_start = .)
 *(.preinit_array*)
                0x000000000800507c                PROVIDE (__preinit_array_end = .)
                0x000000000800507c                . = ALIGN (0x4)

.init_array     0x000000000800507c        0x4
                0x000000000800507c                . = ALIGN (0x4)
                0x000000000800507c                PROVIDE (__init_array_start = .)
 *(SORT_BY_NAME(.init_array.*))
 *(.init_array*)
 .init_array    0x000000000800507c        0x4 c:/st/stm32cubeide_1.10.1/stm32cubeide/plugins/com.st.stm32cube.ide.mcu.externaltools.gnu-tools-for-stm32.10.3-2021.10.win32_1.0.0.202111181127/tools/bin/../lib/gcc/arm-none-eabi/10.3.1/thumb/v6-m/nofp/crtbegin.o
                0x0000000008005080                PROVIDE (__init_array_end = .)
                0x0000000008005080                . = ALIGN (0x4)

.fini_array     0x0000000008005080        0x4
                0x0000000008005080                . = ALIGN (0x4)
                [!provide]                        PROVIDE (__fini_array_start = .)
 *(SORT_BY_NAME(.fini_array.*))
 *(.fini_array*)
 .fini_array    0x0000000008005080        0x4 c:/st/stm32cubeide_1.10.1/stm32cubeide/plugins/com.st.stm32cube.ide.mcu.externaltools.gnu-tools-for-stm32.10.3-2021.10.win32_1.0.0.202111181127/tools/bin/../lib/gcc/arm-none-eabi/10.3.1/thumb/v6-m/nofp/crtbegin.o
                [!provide]                        PROVIDE (__fini_array_end = .)
                0x0000000008005084                . = ALIGN (0x4)
                0x0000000008005084                _sidata = LOADADDR (.data)

.data           0x0000000020000000       0x14 load address 0x0000000008005084
                0x0000000020000000                . = ALIGN (0x4)
                0x0000000020000000                _sdata = .
 *(.data)
 *(.data*)
 .data.SystemCoreClock
                0x0000000020000000        0x4 ./Core/Src/system_stm32g0xx.o
                0x0000000020000000                SystemCoreClock
 .data.uwTickPrio
                0x0000000020000004        0x4 ./Drivers/STM32G0xx_HAL_Driver/Src/stm32g0xx_hal.o
                0x0000000020000004                uwTickPrio
 .data.uwTickFreq
                0x0000000020000008        0x1 ./Drivers/STM32G0xx_HAL_Driver/Src/stm32g0xx_hal.o
                0x0000000020000008                uwTickFreq
 *fill*         0x0000000020000009        0x3 
 .data.uxTopUsedPriority
                0x000000002000000c        0x4 ./FreeRTOS/Source/tasks.o
                0x000000002000000c                uxTopUsedPriority
 .data.uxCriticalNesting
                0x0000000020000010        0x4 ./FreeRTOS/Source/portable/GCC/ARM_CM0/port.o
 *(.RamFunc)
 *(.RamFunc*)
                0x0000000020000014                . = ALIGN (0x4)
                0x0000000020000014                _edata = .

.igot.plt       0x0000000020000014        0x0 load address 0x0000000008005098
 .igot.plt      0x0000000020000014        0x0 c:/st/stm32cubeide_1.10.1/stm32cubeide/plugins/com.st.stm32cube.ide.mcu.externaltools.gnu-tools-for-stm32.10.3-2021.10.win32_1.0.0.202111181127/tools/bin/../lib/gcc/arm-none-eabi/10.3.1/thumb/v6-m/nofp/crtbegin.o
                0x0000000020000014                . = ALIGN (0x4)

.bss            0x0000000020000014      0xec8 load address 0x0000000008005098
                0x0000000020000014                _sbss = .
                0x0000000020000014                __bss_start__ = _sbss
 *(.bss)
 .bss           0x0000000020000014       0x1c c:/st/stm32cubeide_1.10.1/stm32cubeide/plugins/com.st.stm32cube.ide.mcu.externaltools.gnu-tools-for-stm32.10.3-2021.10.win32_1.0.0.202111181127/tools/bin/../lib/gcc/arm-none-eabi/10.3.1/thumb/v6-m/nofp/crtbegin.o
 *(.bss*)
 .bss.htim2     0x0000000020000030       0x4c ./Core/Src/stm32g0xx_hal_timebase_tim.o
                0x0000000020000030                htim2
 .bss.huart2    0x000000002000007c       0x94 ./Core/Src/usart.o
                0x000000002000007c                huart2
 .bss.uwTick    0x0000000020000110        0x4 ./Drivers/STM32G0xx_HAL_Driver/Src/stm32g0xx_hal.o
                0x0000000020000110                uwTick
 .bss.xQueueRegistry
                0x0000000020000114       0x40 ./FreeRTOS/Source/queue.o
                0x0000000020000114                xQueueRegistry
 .bss.pxCurrentTCB
                0x0000000020000154        0x4 ./FreeRTOS/Source/tasks.o
                0x0000000020000154                pxCurrentTCB
 .bss.pxReadyTasksLists
                0x0000000020000158       0x8c ./FreeRTOS/Source/tasks.o
 .bss.xDelayedTaskList1
                0x00000000200001e4       0x14 ./FreeRTOS/Source/tasks.o
 .bss.xDelayedTaskList2
                0x00000000200001f8       0x14 ./FreeRTOS/Source/tasks.o
 .bss.pxDelayedTaskList
                0x000000002000020c        0x4 ./FreeRTOS/Source/tasks.o
 .bss.pxOverflowDelayedTaskList
                0x0000000020000210        0x4 ./FreeRTOS/Source/tasks.o
 .bss.xPendingReadyList
                0x0000000020000214       0x14 ./FreeRTOS/Source/tasks.o
 .bss.xTasksWaitingTermination
                0x0000000020000228       0x14 ./FreeRTOS/Source/tasks.o
 .bss.uxDeletedTasksWaitingCleanUp
                0x000000002000023c        0x4 ./FreeRTOS/Source/tasks.o
 .bss.xSuspendedTaskList
                0x0000000020000240       0x14 ./FreeRTOS/Source/tasks.o
 .bss.uxCurrentNumberOfTasks
                0x0000000020000254        0x4 ./FreeRTOS/Source/tasks.o
 .bss.xTickCount
                0x0000000020000258        0x4 ./FreeRTOS/Source/tasks.o
 .bss.uxTopReadyPriority
                0x000000002000025c        0x4 ./FreeRTOS/Source/tasks.o
 .bss.xSchedulerRunning
                0x0000000020000260        0x4 ./FreeRTOS/Source/tasks.o
 .bss.xPendedTicks
                0x0000000020000264        0x4 ./FreeRTOS/Source/tasks.o
 .bss.xYieldPending
                0x0000000020000268        0x4 ./FreeRTOS/Source/tasks.o
 .bss.xNumOfOverflows
                0x000000002000026c        0x4 ./FreeRTOS/Source/tasks.o
 .bss.uxTaskNumber
                0x0000000020000270        0x4 ./FreeRTOS/Source/tasks.o
 .bss.xNextTaskUnblockTime
                0x0000000020000274        0x4 ./FreeRTOS/Source/tasks.o
 .bss.xIdleTaskHandle
                0x0000000020000278        0x4 ./FreeRTOS/Source/tasks.o
 .bss.uxSchedulerSuspended
                0x000000002000027c        0x4 ./FreeRTOS/Source/tasks.o
 .bss.xActiveTimerList1
                0x0000000020000280       0x14 ./FreeRTOS/Source/timers.o
 .bss.xActiveTimerList2
                0x0000000020000294       0x14 ./FreeRTOS/Source/timers.o
 .bss.pxCurrentTimerList
                0x00000000200002a8        0x4 ./FreeRTOS/Source/timers.o
 .bss.pxOverflowTimerList
                0x00000000200002ac        0x4 ./FreeRTOS/Source/timers.o
 .bss.xTimerQueue
                0x00000000200002b0        0x4 ./FreeRTOS/Source/timers.o
 .bss.xTimerTaskHandle
                0x00000000200002b4        0x4 ./FreeRTOS/Source/timers.o
 .bss.xLastTime.0
                0x00000000200002b8        0x4 ./FreeRTOS/Source/timers.o
 .bss.ucHeap    0x00000000200002bc      0xc00 ./FreeRTOS/Source/portable/MemMang/heap_4.o
 .bss.xStart    0x0000000020000ebc        0x8 ./FreeRTOS/Source/portable/MemMang/heap_4.o
 .bss.pxEnd     0x0000000020000ec4        0x4 ./FreeRTOS/Source/portable/MemMang/heap_4.o
 .bss.xFreeBytesRemaining
                0x0000000020000ec8        0x4 ./FreeRTOS/Source/portable/MemMang/heap_4.o
 .bss.xMinimumEverFreeBytesRemaining
                0x0000000020000ecc        0x4 ./FreeRTOS/Source/portable/MemMang/heap_4.o
 .bss.xNumberOfSuccessfulAllocations
                0x0000000020000ed0        0x4 ./FreeRTOS/Source/portable/MemMang/heap_4.o
 .bss.xNumberOfSuccessfulFrees
                0x0000000020000ed4        0x4 ./FreeRTOS/Source/portable/MemMang/heap_4.o
 .bss.xBlockAllocatedBit
                0x0000000020000ed8        0x4 ./FreeRTOS/Source/portable/MemMang/heap_4.o
 *(COMMON)
                0x0000000020000edc                . = ALIGN (0x4)
                0x0000000020000edc                _ebss = .
                0x0000000020000edc                __bss_end__ = _ebss

._user_heap_stack
                0x0000000020000edc      0x604 load address 0x0000000008005098
                0x0000000020000ee0                . = ALIGN (0x8)
 *fill*         0x0000000020000edc        0x4 
                [!provide]                        PROVIDE (end = .)
                0x0000000020000ee0                PROVIDE (_end = .)
                0x00000000200010e0                . = (. + _Min_Heap_Size)
 *fill*         0x0000000020000ee0      0x200 
                0x00000000200014e0                . = (. + _Min_Stack_Size)
 *fill*         0x00000000200010e0      0x400 
                0x00000000200014e0                . = ALIGN (0x8)

/DISCARD/
 libc.a(*)
 libm.a(*)
 libgcc.a(*)

.ARM.attributes
                0x0000000000000000       0x28
 *(.ARM.attributes)
 .ARM.attributes
                0x0000000000000000       0x1e c:/st/stm32cubeide_1.10.1/stm32cubeide/plugins/com.st.stm32cube.ide.mcu.externaltools.gnu-tools-for-stm32.10.3-2021.10.win32_1.0.0.202111181127/tools/bin/../lib/gcc/arm-none-eabi/10.3.1/thumb/v6-m/nofp/crti.o
 .ARM.attributes
                0x000000000000001e       0x2c c:/st/stm32cubeide_1.10.1/stm32cubeide/plugins/com.st.stm32cube.ide.mcu.externaltools.gnu-tools-for-stm32.10.3-2021.10.win32_1.0.0.202111181127/tools/bin/../lib/gcc/arm-none-eabi/10.3.1/thumb/v6-m/nofp/crtbegin.o
 .ARM.attributes
                0x000000000000004a       0x2c ./Core/Src/gpio.o
 .ARM.attributes
                0x0000000000000076       0x2c ./Core/Src/main.o
 .ARM.attributes
                0x00000000000000a2       0x2c ./Core/Src/stm32g0xx_hal_msp.o
 .ARM.attributes
                0x00000000000000ce       0x2c ./Core/Src/stm32g0xx_hal_timebase_tim.o
 .ARM.attributes
                0x00000000000000fa       0x2c ./Core/Src/stm32g0xx_it.o
 .ARM.attributes
                0x0000000000000126       0x2c ./Core/Src/system_stm32g0xx.o
 .ARM.attributes
                0x0000000000000152       0x2c ./Core/Src/usart.o
 .ARM.attributes
                0x000000000000017e       0x22 ./Core/Startup/startup_stm32g071rbtx.o
 .ARM.attributes
                0x00000000000001a0       0x2c ./Drivers/STM32G0xx_HAL_Driver/Src/stm32g0xx_hal.o
 .ARM.attributes
                0x00000000000001cc       0x2c ./Drivers/STM32G0xx_HAL_Driver/Src/stm32g0xx_hal_cortex.o
 .ARM.attributes
                0x00000000000001f8       0x2c ./Drivers/STM32G0xx_HAL_Driver/Src/stm32g0xx_hal_gpio.o
 .ARM.attributes
                0x0000000000000224       0x2c ./Drivers/STM32G0xx_HAL_Driver/Src/stm32g0xx_hal_pwr_ex.o
 .ARM.attributes
                0x0000000000000250       0x2c ./Drivers/STM32G0xx_HAL_Driver/Src/stm32g0xx_hal_rcc.o
 .ARM.attributes
                0x000000000000027c       0x2c ./Drivers/STM32G0xx_HAL_Driver/Src/stm32g0xx_hal_rcc_ex.o
 .ARM.attributes
                0x00000000000002a8       0x2c ./Drivers/STM32G0xx_HAL_Driver/Src/stm32g0xx_hal_tim.o
 .ARM.attributes
                0x00000000000002d4       0x2c ./Drivers/STM32G0xx_HAL_Driver/Src/stm32g0xx_hal_tim_ex.o
 .ARM.attributes
                0x0000000000000300       0x2c ./Drivers/STM32G0xx_HAL_Driver/Src/stm32g0xx_hal_uart.o
 .ARM.attributes
                0x000000000000032c       0x2c ./Drivers/STM32G0xx_HAL_Driver/Src/stm32g0xx_hal_uart_ex.o
 .ARM.attributes
                0x0000000000000358       0x2c ./FreeRTOS/Source/list.o
 .ARM.attributes
                0x0000000000000384       0x2c ./FreeRTOS/Source/queue.o
 .ARM.attributes
                0x00000000000003b0       0x2c ./FreeRTOS/Source/tasks.o
 .ARM.attributes
                0x00000000000003dc       0x2c ./FreeRTOS/Source/timers.o
 .ARM.attributes
                0x0000000000000408       0x2c ./FreeRTOS/Source/portable/GCC/ARM_CM0/port.o
 .ARM.attributes
                0x0000000000000434       0x2c ./FreeRTOS/Source/portable/MemMang/heap_4.o
 .ARM.attributes
                0x0000000000000460       0x2c c:/st/stm32cubeide_1.10.1/stm32cubeide/plugins/com.st.stm32cube.ide.mcu.externaltools.gnu-tools-for-stm32.10.3-2021.10.win32_1.0.0.202111181127/tools/bin/../lib/gcc/arm-none-eabi/10.3.1/../../../../arm-none-eabi/lib/thumb/v6-m/nofp\libc_nano.a(lib_a-init.o)
 .ARM.attributes
                0x000000000000048c       0x2c c:/st/stm32cubeide_1.10.1/stm32cubeide/plugins/com.st.stm32cube.ide.mcu.externaltools.gnu-tools-for-stm32.10.3-2021.10.win32_1.0.0.202111181127/tools/bin/../lib/gcc/arm-none-eabi/10.3.1/../../../../arm-none-eabi/lib/thumb/v6-m/nofp\libc_nano.a(lib_a-memcpy-stub.o)
 .ARM.attributes
                0x00000000000004b8       0x2c c:/st/stm32cubeide_1.10.1/stm32cubeide/plugins/com.st.stm32cube.ide.mcu.externaltools.gnu-tools-for-stm32.10.3-2021.10.win32_1.0.0.202111181127/tools/bin/../lib/gcc/arm-none-eabi/10.3.1/../../../../arm-none-eabi/lib/thumb/v6-m/nofp\libc_nano.a(lib_a-memset.o)
 .ARM.attributes
                0x00000000000004e4       0x1e c:/st/stm32cubeide_1.10.1/stm32cubeide/plugins/com.st.stm32cube.ide.mcu.externaltools.gnu-tools-for-stm32.10.3-2021.10.win32_1.0.0.202111181127/tools/bin/../lib/gcc/arm-none-eabi/10.3.1/thumb/v6-m/nofp\libgcc.a(_udivsi3.o)
 .ARM.attributes
                0x0000000000000502       0x1e c:/st/stm32cubeide_1.10.1/stm32cubeide/plugins/com.st.stm32cube.ide.mcu.externaltools.gnu-tools-for-stm32.10.3-2021.10.win32_1.0.0.202111181127/tools/bin/../lib/gcc/arm-none-eabi/10.3.1/thumb/v6-m/nofp\libgcc.a(_divsi3.o)
 .ARM.attributes
                0x0000000000000520       0x1e c:/st/stm32cubeide_1.10.1/stm32cubeide/plugins/com.st.stm32cube.ide.mcu.externaltools.gnu-tools-for-stm32.10.3-2021.10.win32_1.0.0.202111181127/tools/bin/../lib/gcc/arm-none-eabi/10.3.1/thumb/v6-m/nofp\libgcc.a(_dvmd_tls.o)
 .ARM.attributes
                0x000000000000053e       0x1e c:/st/stm32cubeide_1.10.1/stm32cubeide/plugins/com.st.stm32cube.ide.mcu.externaltools.gnu-tools-for-stm32.10.3-2021.10.win32_1.0.0.202111181127/tools/bin/../lib/gcc/arm-none-eabi/10.3.1/thumb/v6-m/nofp\libgcc.a(_aeabi_uldivmod.o)
 .ARM.attributes
                0x000000000000055c       0x2c c:/st/stm32cubeide_1.10.1/stm32cubeide/plugins/com.st.stm32cube.ide.mcu.externaltools.gnu-tools-for-stm32.10.3-2021.10.win32_1.0.0.202111181127/tools/bin/../lib/gcc/arm-none-eabi/10.3.1/thumb/v6-m/nofp\libgcc.a(_udivmoddi4.o)
 .ARM.attributes
                0x0000000000000588       0x1e c:/st/stm32cubeide_1.10.1/stm32cubeide/plugins/com.st.stm32cube.ide.mcu.externaltools.gnu-tools-for-stm32.10.3-2021.10.win32_1.0.0.202111181127/tools/bin/../lib/gcc/arm-none-eabi/10.3.1/thumb/v6-m/nofp\libgcc.a(_clzdi2.o)
 .ARM.attributes
                0x00000000000005a6       0x1e c:/st/stm32cubeide_1.10.1/stm32cubeide/plugins/com.st.stm32cube.ide.mcu.externaltools.gnu-tools-for-stm32.10.3-2021.10.win32_1.0.0.202111181127/tools/bin/../lib/gcc/arm-none-eabi/10.3.1/thumb/v6-m/nofp\libgcc.a(_clzsi2.o)
 .ARM.attributes
                0x00000000000005c4       0x1e c:/st/stm32cubeide_1.10.1/stm32cubeide/plugins/com.st.stm32cube.ide.mcu.externaltools.gnu-tools-for-stm32.10.3-2021.10.win32_1.0.0.202111181127/tools/bin/../lib/gcc/arm-none-eabi/10.3.1/thumb/v6-m/nofp/crtn.o
OUTPUT(test_FreeRTOS_from_scratch.elf elf32-littlearm)
LOAD linker stubs
LOAD c:/st/stm32cubeide_1.10.1/stm32cubeide/plugins/com.st.stm32cube.ide.mcu.externaltools.gnu-tools-for-stm32.10.3-2021.10.win32_1.0.0.202111181127/tools/bin/../lib/gcc/arm-none-eabi/10.3.1/../../../../arm-none-eabi/lib/thumb/v6-m/nofp\libc.a
LOAD c:/st/stm32cubeide_1.10.1/stm32cubeide/plugins/com.st.stm32cube.ide.mcu.externaltools.gnu-tools-for-stm32.10.3-2021.10.win32_1.0.0.202111181127/tools/bin/../lib/gcc/arm-none-eabi/10.3.1/../../../../arm-none-eabi/lib/thumb/v6-m/nofp\libm.a
LOAD c:/st/stm32cubeide_1.10.1/stm32cubeide/plugins/com.st.stm32cube.ide.mcu.externaltools.gnu-tools-for-stm32.10.3-2021.10.win32_1.0.0.202111181127/tools/bin/../lib/gcc/arm-none-eabi/10.3.1/thumb/v6-m/nofp\libgcc.a

.debug_info     0x0000000000000000    0x15858
 .debug_info    0x0000000000000000      0x452 ./Core/Src/gpio.o
 .debug_info    0x0000000000000452      0xc9c ./Core/Src/main.o
 .debug_info    0x00000000000010ee      0x296 ./Core/Src/stm32g0xx_hal_msp.o
 .debug_info    0x0000000000001384      0xbfb ./Core/Src/stm32g0xx_hal_timebase_tim.o
 .debug_info    0x0000000000001f7f      0x7fc ./Core/Src/stm32g0xx_it.o
 .debug_info    0x000000000000277b      0x34d ./Core/Src/system_stm32g0xx.o
 .debug_info    0x0000000000002ac8      0xc9f ./Core/Src/usart.o
 .debug_info    0x0000000000003767       0x22 ./Core/Startup/startup_stm32g071rbtx.o
 .debug_info    0x0000000000003789      0xa85 ./Drivers/STM32G0xx_HAL_Driver/Src/stm32g0xx_hal.o
 .debug_info    0x000000000000420e      0x90d ./Drivers/STM32G0xx_HAL_Driver/Src/stm32g0xx_hal_cortex.o
 .debug_info    0x0000000000004b1b      0x61f ./Drivers/STM32G0xx_HAL_Driver/Src/stm32g0xx_hal_gpio.o
 .debug_info    0x000000000000513a      0x801 ./Drivers/STM32G0xx_HAL_Driver/Src/stm32g0xx_hal_pwr_ex.o
 .debug_info    0x000000000000593b      0xb6a ./Drivers/STM32G0xx_HAL_Driver/Src/stm32g0xx_hal_rcc.o
 .debug_info    0x00000000000064a5      0x82b ./Drivers/STM32G0xx_HAL_Driver/Src/stm32g0xx_hal_rcc_ex.o
 .debug_info    0x0000000000006cd0     0x2e23 ./Drivers/STM32G0xx_HAL_Driver/Src/stm32g0xx_hal_tim.o
 .debug_info    0x0000000000009af3     0x1a27 ./Drivers/STM32G0xx_HAL_Driver/Src/stm32g0xx_hal_tim_ex.o
 .debug_info    0x000000000000b51a     0x49ef ./Drivers/STM32G0xx_HAL_Driver/Src/stm32g0xx_hal_uart.o
 .debug_info    0x000000000000ff09     0x1040 ./Drivers/STM32G0xx_HAL_Driver/Src/stm32g0xx_hal_uart_ex.o
 .debug_info    0x0000000000010f49      0x2d1 ./FreeRTOS/Source/list.o
 .debug_info    0x000000000001121a     0x13a1 ./FreeRTOS/Source/queue.o
 .debug_info    0x00000000000125bb     0x1e7f ./FreeRTOS/Source/tasks.o
 .debug_info    0x000000000001443a      0xd1a ./FreeRTOS/Source/timers.o
 .debug_info    0x0000000000015154      0x29f ./FreeRTOS/Source/portable/GCC/ARM_CM0/port.o
 .debug_info    0x00000000000153f3      0x465 ./FreeRTOS/Source/portable/MemMang/heap_4.o

.debug_abbrev   0x0000000000000000     0x314f
 .debug_abbrev  0x0000000000000000      0x14d ./Core/Src/gpio.o
 .debug_abbrev  0x000000000000014d      0x269 ./Core/Src/main.o
 .debug_abbrev  0x00000000000003b6       0xdb ./Core/Src/stm32g0xx_hal_msp.o
 .debug_abbrev  0x0000000000000491      0x213 ./Core/Src/stm32g0xx_hal_timebase_tim.o
 .debug_abbrev  0x00000000000006a4      0x19a ./Core/Src/stm32g0xx_it.o
 .debug_abbrev  0x000000000000083e      0x116 ./Core/Src/system_stm32g0xx.o
 .debug_abbrev  0x0000000000000954      0x1fe ./Core/Src/usart.o
 .debug_abbrev  0x0000000000000b52       0x12 ./Core/Startup/startup_stm32g071rbtx.o
 .debug_abbrev  0x0000000000000b64      0x2a9 ./Drivers/STM32G0xx_HAL_Driver/Src/stm32g0xx_hal.o
 .debug_abbrev  0x0000000000000e0d      0x29f ./Drivers/STM32G0xx_HAL_Driver/Src/stm32g0xx_hal_cortex.o
 .debug_abbrev  0x00000000000010ac      0x1b9 ./Drivers/STM32G0xx_HAL_Driver/Src/stm32g0xx_hal_gpio.o
 .debug_abbrev  0x0000000000001265      0x232 ./Drivers/STM32G0xx_HAL_Driver/Src/stm32g0xx_hal_pwr_ex.o
 .debug_abbrev  0x0000000000001497      0x2a3 ./Drivers/STM32G0xx_HAL_Driver/Src/stm32g0xx_hal_rcc.o
 .debug_abbrev  0x000000000000173a      0x21a ./Drivers/STM32G0xx_HAL_Driver/Src/stm32g0xx_hal_rcc_ex.o
 .debug_abbrev  0x0000000000001954      0x286 ./Drivers/STM32G0xx_HAL_Driver/Src/stm32g0xx_hal_tim.o
 .debug_abbrev  0x0000000000001bda      0x292 ./Drivers/STM32G0xx_HAL_Driver/Src/stm32g0xx_hal_tim_ex.o
 .debug_abbrev  0x0000000000001e6c      0x310 ./Drivers/STM32G0xx_HAL_Driver/Src/stm32g0xx_hal_uart.o
 .debug_abbrev  0x000000000000217c      0x2d5 ./Drivers/STM32G0xx_HAL_Driver/Src/stm32g0xx_hal_uart_ex.o
 .debug_abbrev  0x0000000000002451       0xf2 ./FreeRTOS/Source/list.o
 .debug_abbrev  0x0000000000002543      0x2b6 ./FreeRTOS/Source/queue.o
 .debug_abbrev  0x00000000000027f9      0x313 ./FreeRTOS/Source/tasks.o
 .debug_abbrev  0x0000000000002b0c      0x2a5 ./FreeRTOS/Source/timers.o
 .debug_abbrev  0x0000000000002db1      0x1ee ./FreeRTOS/Source/portable/GCC/ARM_CM0/port.o
 .debug_abbrev  0x0000000000002f9f      0x1b0 ./FreeRTOS/Source/portable/MemMang/heap_4.o

.debug_aranges  0x0000000000000000     0x1338
 .debug_aranges
                0x0000000000000000       0x20 ./Core/Src/gpio.o
 .debug_aranges
                0x0000000000000020       0x50 ./Core/Src/main.o
 .debug_aranges
                0x0000000000000070       0x20 ./Core/Src/stm32g0xx_hal_msp.o
 .debug_aranges
                0x0000000000000090       0x30 ./Core/Src/stm32g0xx_hal_timebase_tim.o
 .debug_aranges
                0x00000000000000c0       0x30 ./Core/Src/stm32g0xx_it.o
 .debug_aranges
                0x00000000000000f0       0x28 ./Core/Src/system_stm32g0xx.o
 .debug_aranges
                0x0000000000000118       0x30 ./Core/Src/usart.o
 .debug_aranges
                0x0000000000000148       0x28 ./Core/Startup/startup_stm32g071rbtx.o
 .debug_aranges
                0x0000000000000170      0x120 ./Drivers/STM32G0xx_HAL_Driver/Src/stm32g0xx_hal.o
 .debug_aranges
                0x0000000000000290       0xd8 ./Drivers/STM32G0xx_HAL_Driver/Src/stm32g0xx_hal_cortex.o
 .debug_aranges
                0x0000000000000368       0x60 ./Drivers/STM32G0xx_HAL_Driver/Src/stm32g0xx_hal_gpio.o
 .debug_aranges
                0x00000000000003c8       0xf0 ./Drivers/STM32G0xx_HAL_Driver/Src/stm32g0xx_hal_pwr_ex.o
 .debug_aranges
                0x00000000000004b8       0xa0 ./Drivers/STM32G0xx_HAL_Driver/Src/stm32g0xx_hal_rcc.o
 .debug_aranges
                0x0000000000000558       0x40 ./Drivers/STM32G0xx_HAL_Driver/Src/stm32g0xx_hal_rcc_ex.o
 .debug_aranges
                0x0000000000000598      0x3e0 ./Drivers/STM32G0xx_HAL_Driver/Src/stm32g0xx_hal_tim.o
 .debug_aranges
                0x0000000000000978      0x198 ./Drivers/STM32G0xx_HAL_Driver/Src/stm32g0xx_hal_tim_ex.o
 .debug_aranges
                0x0000000000000b10      0x248 ./Drivers/STM32G0xx_HAL_Driver/Src/stm32g0xx_hal_uart.o
 .debug_aranges
                0x0000000000000d58       0xa8 ./Drivers/STM32G0xx_HAL_Driver/Src/stm32g0xx_hal_uart_ex.o
 .debug_aranges
                0x0000000000000e00       0x40 ./FreeRTOS/Source/list.o
 .debug_aranges
                0x0000000000000e40      0x140 ./FreeRTOS/Source/queue.o
 .debug_aranges
                0x0000000000000f80      0x1f8 ./FreeRTOS/Source/tasks.o
 .debug_aranges
                0x0000000000001178       0xe0 ./FreeRTOS/Source/timers.o
 .debug_aranges
                0x0000000000001258       0x88 ./FreeRTOS/Source/portable/GCC/ARM_CM0/port.o
 .debug_aranges
                0x00000000000012e0       0x58 ./FreeRTOS/Source/portable/MemMang/heap_4.o

.debug_ranges   0x0000000000000000     0x11f0
 .debug_ranges  0x0000000000000000       0x10 ./Core/Src/gpio.o
 .debug_ranges  0x0000000000000010       0x40 ./Core/Src/main.o
 .debug_ranges  0x0000000000000050       0x10 ./Core/Src/stm32g0xx_hal_msp.o
 .debug_ranges  0x0000000000000060       0x20 ./Core/Src/stm32g0xx_hal_timebase_tim.o
 .debug_ranges  0x0000000000000080       0x20 ./Core/Src/stm32g0xx_it.o
 .debug_ranges  0x00000000000000a0       0x18 ./Core/Src/system_stm32g0xx.o
 .debug_ranges  0x00000000000000b8       0x20 ./Core/Src/usart.o
 .debug_ranges  0x00000000000000d8       0x20 ./Core/Startup/startup_stm32g071rbtx.o
 .debug_ranges  0x00000000000000f8      0x110 ./Drivers/STM32G0xx_HAL_Driver/Src/stm32g0xx_hal.o
 .debug_ranges  0x0000000000000208       0xc8 ./Drivers/STM32G0xx_HAL_Driver/Src/stm32g0xx_hal_cortex.o
 .debug_ranges  0x00000000000002d0       0x50 ./Drivers/STM32G0xx_HAL_Driver/Src/stm32g0xx_hal_gpio.o
 .debug_ranges  0x0000000000000320       0xe0 ./Drivers/STM32G0xx_HAL_Driver/Src/stm32g0xx_hal_pwr_ex.o
 .debug_ranges  0x0000000000000400       0x90 ./Drivers/STM32G0xx_HAL_Driver/Src/stm32g0xx_hal_rcc.o
 .debug_ranges  0x0000000000000490       0x30 ./Drivers/STM32G0xx_HAL_Driver/Src/stm32g0xx_hal_rcc_ex.o
 .debug_ranges  0x00000000000004c0      0x3d0 ./Drivers/STM32G0xx_HAL_Driver/Src/stm32g0xx_hal_tim.o
 .debug_ranges  0x0000000000000890      0x188 ./Drivers/STM32G0xx_HAL_Driver/Src/stm32g0xx_hal_tim_ex.o
 .debug_ranges  0x0000000000000a18      0x268 ./Drivers/STM32G0xx_HAL_Driver/Src/stm32g0xx_hal_uart.o
 .debug_ranges  0x0000000000000c80       0x98 ./Drivers/STM32G0xx_HAL_Driver/Src/stm32g0xx_hal_uart_ex.o
 .debug_ranges  0x0000000000000d18       0x30 ./FreeRTOS/Source/list.o
 .debug_ranges  0x0000000000000d48      0x130 ./FreeRTOS/Source/queue.o
 .debug_ranges  0x0000000000000e78      0x1e8 ./FreeRTOS/Source/tasks.o
 .debug_ranges  0x0000000000001060       0xd0 ./FreeRTOS/Source/timers.o
 .debug_ranges  0x0000000000001130       0x78 ./FreeRTOS/Source/portable/GCC/ARM_CM0/port.o
 .debug_ranges  0x00000000000011a8       0x48 ./FreeRTOS/Source/portable/MemMang/heap_4.o

.debug_macro    0x0000000000000000    0x19b22
 .debug_macro   0x0000000000000000      0x1f8 ./Core/Src/gpio.o
 .debug_macro   0x00000000000001f8      0xa4e ./Core/Src/gpio.o
 .debug_macro   0x0000000000000c46      0x11d ./Core/Src/gpio.o
 .debug_macro   0x0000000000000d63       0x2e ./Core/Src/gpio.o
 .debug_macro   0x0000000000000d91       0x28 ./Core/Src/gpio.o
 .debug_macro   0x0000000000000db9       0x22 ./Core/Src/gpio.o
 .debug_macro   0x0000000000000ddb       0x8e ./Core/Src/gpio.o
 .debug_macro   0x0000000000000e69       0x51 ./Core/Src/gpio.o
 .debug_macro   0x0000000000000eba      0x103 ./Core/Src/gpio.o
 .debug_macro   0x0000000000000fbd       0x6a ./Core/Src/gpio.o
 .debug_macro   0x0000000000001027      0x1df ./Core/Src/gpio.o
 .debug_macro   0x0000000000001206       0x1c ./Core/Src/gpio.o
 .debug_macro   0x0000000000001222       0x22 ./Core/Src/gpio.o
 .debug_macro   0x0000000000001244       0xd1 ./Core/Src/gpio.o
 .debug_macro   0x0000000000001315      0x4da ./Core/Src/gpio.o
 .debug_macro   0x00000000000017ef      0x11f ./Core/Src/gpio.o
 .debug_macro   0x000000000000190e     0xc730 ./Core/Src/gpio.o
 .debug_macro   0x000000000000e03e       0x66 ./Core/Src/gpio.o
 .debug_macro   0x000000000000e0a4     0x34fd ./Core/Src/gpio.o
 .debug_macro   0x00000000000115a1      0x174 ./Core/Src/gpio.o
 .debug_macro   0x0000000000011715       0x5c ./Core/Src/gpio.o
 .debug_macro   0x0000000000011771      0x56c ./Core/Src/gpio.o
 .debug_macro   0x0000000000011cdd     0x10d5 ./Core/Src/gpio.o
 .debug_macro   0x0000000000012db2      0x264 ./Core/Src/gpio.o
 .debug_macro   0x0000000000013016      0x1cf ./Core/Src/gpio.o
 .debug_macro   0x00000000000131e5      0x1d8 ./Core/Src/gpio.o
 .debug_macro   0x00000000000133bd      0x426 ./Core/Src/gpio.o
 .debug_macro   0x00000000000137e3      0x280 ./Core/Src/gpio.o
 .debug_macro   0x0000000000013a63      0x3a7 ./Core/Src/gpio.o
 .debug_macro   0x0000000000013e0a      0x1b2 ./Core/Src/gpio.o
 .debug_macro   0x0000000000013fbc       0x43 ./Core/Src/gpio.o
 .debug_macro   0x0000000000013fff      0x1f1 ./Core/Src/gpio.o
 .debug_macro   0x00000000000141f0      0x1d6 ./Core/Src/gpio.o
 .debug_macro   0x00000000000143c6      0x38a ./Core/Src/gpio.o
 .debug_macro   0x0000000000014750       0x28 ./Core/Src/gpio.o
 .debug_macro   0x0000000000014778       0xe4 ./Core/Src/gpio.o
 .debug_macro   0x000000000001485c      0x125 ./Core/Src/gpio.o
 .debug_macro   0x0000000000014981      0x240 ./Core/Src/gpio.o
 .debug_macro   0x0000000000014bc1      0xac9 ./Core/Src/gpio.o
 .debug_macro   0x000000000001568a      0x1a1 ./Core/Src/gpio.o
 .debug_macro   0x000000000001582b      0x693 ./Core/Src/gpio.o
 .debug_macro   0x0000000000015ebe       0xa6 ./Core/Src/gpio.o
 .debug_macro   0x0000000000015f64      0x4f2 ./Core/Src/gpio.o
 .debug_macro   0x0000000000016456       0x4c ./Core/Src/gpio.o
 .debug_macro   0x00000000000164a2      0x27f ./Core/Src/main.o
 .debug_macro   0x0000000000016721      0x100 ./Core/Src/main.o
 .debug_macro   0x0000000000016821      0x15a ./Core/Src/main.o
 .debug_macro   0x000000000001697b       0xb8 ./Core/Src/main.o
 .debug_macro   0x0000000000016a33       0x28 ./Core/Src/main.o
 .debug_macro   0x0000000000016a5b       0x1f ./Core/Src/main.o
 .debug_macro   0x0000000000016a7a       0x12 ./Core/Src/main.o
 .debug_macro   0x0000000000016a8c      0x4fd ./Core/Src/main.o
 .debug_macro   0x0000000000016f89       0xc3 ./Core/Src/main.o
 .debug_macro   0x000000000001704c      0x120 ./Core/Src/main.o
 .debug_macro   0x000000000001716c      0x1ee ./Core/Src/stm32g0xx_hal_msp.o
 .debug_macro   0x000000000001735a      0x1df ./Core/Src/stm32g0xx_hal_timebase_tim.o
 .debug_macro   0x0000000000017539      0x1f8 ./Core/Src/stm32g0xx_it.o
 .debug_macro   0x0000000000017731      0x1df ./Core/Src/system_stm32g0xx.o
 .debug_macro   0x0000000000017910      0x1f8 ./Core/Src/usart.o
 .debug_macro   0x0000000000017b08      0x203 ./Drivers/STM32G0xx_HAL_Driver/Src/stm32g0xx_hal.o
 .debug_macro   0x0000000000017d0b      0x1df ./Drivers/STM32G0xx_HAL_Driver/Src/stm32g0xx_hal_cortex.o
 .debug_macro   0x0000000000017eea      0x1e6 ./Drivers/STM32G0xx_HAL_Driver/Src/stm32g0xx_hal_gpio.o
 .debug_macro   0x00000000000180d0      0x209 ./Drivers/STM32G0xx_HAL_Driver/Src/stm32g0xx_hal_pwr_ex.o
 .debug_macro   0x00000000000182d9      0x21b ./Drivers/STM32G0xx_HAL_Driver/Src/stm32g0xx_hal_rcc.o
 .debug_macro   0x00000000000184f4      0x1f7 ./Drivers/STM32G0xx_HAL_Driver/Src/stm32g0xx_hal_rcc_ex.o
 .debug_macro   0x00000000000186eb      0x1e7 ./Drivers/STM32G0xx_HAL_Driver/Src/stm32g0xx_hal_tim.o
 .debug_macro   0x00000000000188d2      0x1e5 ./Drivers/STM32G0xx_HAL_Driver/Src/stm32g0xx_hal_tim_ex.o
 .debug_macro   0x0000000000018ab7      0x20a ./Drivers/STM32G0xx_HAL_Driver/Src/stm32g0xx_hal_uart.o
 .debug_macro   0x0000000000018cc1      0x1eb ./Drivers/STM32G0xx_HAL_Driver/Src/stm32g0xx_hal_uart_ex.o
 .debug_macro   0x0000000000018eac      0x198 ./FreeRTOS/Source/list.o
 .debug_macro   0x0000000000019044      0x221 ./FreeRTOS/Source/queue.o
 .debug_macro   0x0000000000019265       0x16 ./FreeRTOS/Source/queue.o
 .debug_macro   0x000000000001927b       0x20 ./FreeRTOS/Source/queue.o
 .debug_macro   0x000000000001929b       0x80 ./FreeRTOS/Source/queue.o
 .debug_macro   0x000000000001931b      0x284 ./FreeRTOS/Source/tasks.o
 .debug_macro   0x000000000001959f       0x17 ./FreeRTOS/Source/tasks.o
 .debug_macro   0x00000000000195b6      0x1e7 ./FreeRTOS/Source/timers.o
 .debug_macro   0x000000000001979d       0x97 ./FreeRTOS/Source/timers.o
 .debug_macro   0x0000000000019834      0x13b ./FreeRTOS/Source/portable/GCC/ARM_CM0/port.o
 .debug_macro   0x000000000001996f      0x1b3 ./FreeRTOS/Source/portable/MemMang/heap_4.o

.debug_line     0x0000000000000000    0x16afd
 .debug_line    0x0000000000000000      0x70d ./Core/Src/gpio.o
 .debug_line    0x000000000000070d      0x992 ./Core/Src/main.o
 .debug_line    0x000000000000109f      0x6fe ./Core/Src/stm32g0xx_hal_msp.o
 .debug_line    0x000000000000179d      0x775 ./Core/Src/stm32g0xx_hal_timebase_tim.o
 .debug_line    0x0000000000001f12      0x73d ./Core/Src/stm32g0xx_it.o
 .debug_line    0x000000000000264f      0x771 ./Core/Src/system_stm32g0xx.o
 .debug_line    0x0000000000002dc0      0x79d ./Core/Src/usart.o
 .debug_line    0x000000000000355d       0x89 ./Core/Startup/startup_stm32g071rbtx.o
 .debug_line    0x00000000000035e6      0xaa7 ./Drivers/STM32G0xx_HAL_Driver/Src/stm32g0xx_hal.o
 .debug_line    0x000000000000408d      0xb28 ./Drivers/STM32G0xx_HAL_Driver/Src/stm32g0xx_hal_cortex.o
 .debug_line    0x0000000000004bb5      0xb14 ./Drivers/STM32G0xx_HAL_Driver/Src/stm32g0xx_hal_gpio.o
 .debug_line    0x00000000000056c9      0xa8c ./Drivers/STM32G0xx_HAL_Driver/Src/stm32g0xx_hal_pwr_ex.o
 .debug_line    0x0000000000006155      0xed2 ./Drivers/STM32G0xx_HAL_Driver/Src/stm32g0xx_hal_rcc.o
 .debug_line    0x0000000000007027      0xce3 ./Drivers/STM32G0xx_HAL_Driver/Src/stm32g0xx_hal_rcc_ex.o
 .debug_line    0x0000000000007d0a     0x3bfe ./Drivers/STM32G0xx_HAL_Driver/Src/stm32g0xx_hal_tim.o
 .debug_line    0x000000000000b908     0x1c45 ./Drivers/STM32G0xx_HAL_Driver/Src/stm32g0xx_hal_tim_ex.o
 .debug_line    0x000000000000d54d     0x3444 ./Drivers/STM32G0xx_HAL_Driver/Src/stm32g0xx_hal_uart.o
 .debug_line    0x0000000000010991      0xda6 ./Drivers/STM32G0xx_HAL_Driver/Src/stm32g0xx_hal_uart_ex.o
 .debug_line    0x0000000000011737      0x77e ./FreeRTOS/Source/list.o
 .debug_line    0x0000000000011eb5     0x146a ./FreeRTOS/Source/queue.o
 .debug_line    0x000000000001331f     0x1b77 ./FreeRTOS/Source/tasks.o
 .debug_line    0x0000000000014e96      0xbd1 ./FreeRTOS/Source/timers.o
 .debug_line    0x0000000000015a67      0x72a ./FreeRTOS/Source/portable/GCC/ARM_CM0/port.o
 .debug_line    0x0000000000016191      0x96c ./FreeRTOS/Source/portable/MemMang/heap_4.o

.debug_str      0x0000000000000000    0xa83de
 .debug_str     0x0000000000000000    0x98c9e ./Core/Src/gpio.o
                                      0x991c7 (size before relaxing)
 .debug_str     0x0000000000098c9e     0x542f ./Core/Src/main.o
                                      0x9e58c (size before relaxing)
 .debug_str     0x000000000009e0cd       0x2c ./Core/Src/stm32g0xx_hal_msp.o
                                      0x990fc (size before relaxing)
 .debug_str     0x000000000009e0f9      0x313 ./Core/Src/stm32g0xx_hal_timebase_tim.o
                                      0x99944 (size before relaxing)
 .debug_str     0x000000000009e40c       0x6e ./Core/Src/stm32g0xx_it.o
                                      0x9965f (size before relaxing)
 .debug_str     0x000000000009e47a       0x8e ./Core/Src/system_stm32g0xx.o
                                      0x9903d (size before relaxing)
 .debug_str     0x000000000009e508      0x440 ./Core/Src/usart.o
                                      0x998e8 (size before relaxing)
 .debug_str     0x000000000009e948       0x36 ./Core/Startup/startup_stm32g071rbtx.o
                                         0x84 (size before relaxing)
 .debug_str     0x000000000009e97e      0x523 ./Drivers/STM32G0xx_HAL_Driver/Src/stm32g0xx_hal.o
                                      0x9983a (size before relaxing)
 .debug_str     0x000000000009eea1      0x27b ./Drivers/STM32G0xx_HAL_Driver/Src/stm32g0xx_hal_cortex.o
                                      0x994cc (size before relaxing)
 .debug_str     0x000000000009f11c      0x13e ./Drivers/STM32G0xx_HAL_Driver/Src/stm32g0xx_hal_gpio.o
                                      0x99186 (size before relaxing)
 .debug_str     0x000000000009f25a      0x38b ./Drivers/STM32G0xx_HAL_Driver/Src/stm32g0xx_hal_pwr_ex.o
                                      0x994ca (size before relaxing)
 .debug_str     0x000000000009f5e5      0x321 ./Drivers/STM32G0xx_HAL_Driver/Src/stm32g0xx_hal_rcc.o
                                      0x99660 (size before relaxing)
 .debug_str     0x000000000009f906      0x185 ./Drivers/STM32G0xx_HAL_Driver/Src/stm32g0xx_hal_rcc_ex.o
                                      0x99407 (size before relaxing)
 .debug_str     0x000000000009fa8b      0xeae ./Drivers/STM32G0xx_HAL_Driver/Src/stm32g0xx_hal_tim.o
                                      0x9a56f (size before relaxing)
 .debug_str     0x00000000000a0939      0x67e ./Drivers/STM32G0xx_HAL_Driver/Src/stm32g0xx_hal_tim_ex.o
                                      0x99f0d (size before relaxing)
 .debug_str     0x00000000000a0fb7      0x9e9 ./Drivers/STM32G0xx_HAL_Driver/Src/stm32g0xx_hal_uart.o
                                      0x9a008 (size before relaxing)
 .debug_str     0x00000000000a19a0      0x264 ./Drivers/STM32G0xx_HAL_Driver/Src/stm32g0xx_hal_uart_ex.o
                                      0x998c7 (size before relaxing)
 .debug_str     0x00000000000a1c04     0x2fdd ./FreeRTOS/Source/list.o
                                       0xa803 (size before relaxing)
 .debug_str     0x00000000000a4be1     0x11f2 ./FreeRTOS/Source/queue.o
                                       0xcca1 (size before relaxing)
 .debug_str     0x00000000000a5dd3     0x1a3a ./FreeRTOS/Source/tasks.o
                                       0xd856 (size before relaxing)
 .debug_str     0x00000000000a780d      0x541 ./FreeRTOS/Source/timers.o
                                       0xd04c (size before relaxing)
 .debug_str     0x00000000000a7d4e      0x384 ./FreeRTOS/Source/portable/GCC/ARM_CM0/port.o
                                       0x8ef6 (size before relaxing)
 .debug_str     0x00000000000a80d2      0x30c ./FreeRTOS/Source/portable/MemMang/heap_4.o
                                       0xbcad (size before relaxing)

.comment        0x0000000000000000       0x50
 .comment       0x0000000000000000       0x50 ./Core/Src/gpio.o
                                         0x51 (size before relaxing)
 .comment       0x0000000000000050       0x51 ./Core/Src/main.o
 .comment       0x0000000000000050       0x51 ./Core/Src/stm32g0xx_hal_msp.o
 .comment       0x0000000000000050       0x51 ./Core/Src/stm32g0xx_hal_timebase_tim.o
 .comment       0x0000000000000050       0x51 ./Core/Src/stm32g0xx_it.o
 .comment       0x0000000000000050       0x51 ./Core/Src/system_stm32g0xx.o
 .comment       0x0000000000000050       0x51 ./Core/Src/usart.o
 .comment       0x0000000000000050       0x51 ./Drivers/STM32G0xx_HAL_Driver/Src/stm32g0xx_hal.o
 .comment       0x0000000000000050       0x51 ./Drivers/STM32G0xx_HAL_Driver/Src/stm32g0xx_hal_cortex.o
 .comment       0x0000000000000050       0x51 ./Drivers/STM32G0xx_HAL_Driver/Src/stm32g0xx_hal_gpio.o
 .comment       0x0000000000000050       0x51 ./Drivers/STM32G0xx_HAL_Driver/Src/stm32g0xx_hal_pwr_ex.o
 .comment       0x0000000000000050       0x51 ./Drivers/STM32G0xx_HAL_Driver/Src/stm32g0xx_hal_rcc.o
 .comment       0x0000000000000050       0x51 ./Drivers/STM32G0xx_HAL_Driver/Src/stm32g0xx_hal_rcc_ex.o
 .comment       0x0000000000000050       0x51 ./Drivers/STM32G0xx_HAL_Driver/Src/stm32g0xx_hal_tim.o
 .comment       0x0000000000000050       0x51 ./Drivers/STM32G0xx_HAL_Driver/Src/stm32g0xx_hal_tim_ex.o
 .comment       0x0000000000000050       0x51 ./Drivers/STM32G0xx_HAL_Driver/Src/stm32g0xx_hal_uart.o
 .comment       0x0000000000000050       0x51 ./Drivers/STM32G0xx_HAL_Driver/Src/stm32g0xx_hal_uart_ex.o
 .comment       0x0000000000000050       0x51 ./FreeRTOS/Source/list.o
 .comment       0x0000000000000050       0x51 ./FreeRTOS/Source/queue.o
 .comment       0x0000000000000050       0x51 ./FreeRTOS/Source/tasks.o
 .comment       0x0000000000000050       0x51 ./FreeRTOS/Source/timers.o
 .comment       0x0000000000000050       0x51 ./FreeRTOS/Source/portable/GCC/ARM_CM0/port.o
 .comment       0x0000000000000050       0x51 ./FreeRTOS/Source/portable/MemMang/heap_4.o

.debug_frame    0x0000000000000000     0x44c8
 .debug_frame   0x0000000000000000       0x30 ./Core/Src/gpio.o
 .debug_frame   0x0000000000000030       0xe4 ./Core/Src/main.o
 .debug_frame   0x0000000000000114       0x30 ./Core/Src/stm32g0xx_hal_msp.o
 .debug_frame   0x0000000000000144       0x6c ./Core/Src/stm32g0xx_hal_timebase_tim.o
 .debug_frame   0x00000000000001b0       0x64 ./Core/Src/stm32g0xx_it.o
 .debug_frame   0x0000000000000214       0x4c ./Core/Src/system_stm32g0xx.o
 .debug_frame   0x0000000000000260       0x6c ./Core/Src/usart.o
 .debug_frame   0x00000000000002cc      0x3dc ./Drivers/STM32G0xx_HAL_Driver/Src/stm32g0xx_hal.o
 .debug_frame   0x00000000000006a8      0x2fc ./Drivers/STM32G0xx_HAL_Driver/Src/stm32g0xx_hal_cortex.o
 .debug_frame   0x00000000000009a4      0x130 ./Drivers/STM32G0xx_HAL_Driver/Src/stm32g0xx_hal_gpio.o
 .debug_frame   0x0000000000000ad4      0x32c ./Drivers/STM32G0xx_HAL_Driver/Src/stm32g0xx_hal_pwr_ex.o
 .debug_frame   0x0000000000000e00      0x214 ./Drivers/STM32G0xx_HAL_Driver/Src/stm32g0xx_hal_rcc.o
 .debug_frame   0x0000000000001014       0xb0 ./Drivers/STM32G0xx_HAL_Driver/Src/stm32g0xx_hal_rcc_ex.o
 .debug_frame   0x00000000000010c4      0xf40 ./Drivers/STM32G0xx_HAL_Driver/Src/stm32g0xx_hal_tim.o
 .debug_frame   0x0000000000002004      0x620 ./Drivers/STM32G0xx_HAL_Driver/Src/stm32g0xx_hal_tim_ex.o
 .debug_frame   0x0000000000002624      0x8d8 ./Drivers/STM32G0xx_HAL_Driver/Src/stm32g0xx_hal_uart.o
 .debug_frame   0x0000000000002efc      0x25c ./Drivers/STM32G0xx_HAL_Driver/Src/stm32g0xx_hal_uart_ex.o
 .debug_frame   0x0000000000003158       0xb0 ./FreeRTOS/Source/list.o
 .debug_frame   0x0000000000003208      0x4b8 ./FreeRTOS/Source/queue.o
 .debug_frame   0x00000000000036c0      0x778 ./FreeRTOS/Source/tasks.o
 .debug_frame   0x0000000000003e38      0x328 ./FreeRTOS/Source/timers.o
 .debug_frame   0x0000000000004160      0x174 ./FreeRTOS/Source/portable/GCC/ARM_CM0/port.o
 .debug_frame   0x00000000000042d4      0x104 ./FreeRTOS/Source/portable/MemMang/heap_4.o
 .debug_frame   0x00000000000043d8       0x2c c:/st/stm32cubeide_1.10.1/stm32cubeide/plugins/com.st.stm32cube.ide.mcu.externaltools.gnu-tools-for-stm32.10.3-2021.10.win32_1.0.0.202111181127/tools/bin/../lib/gcc/arm-none-eabi/10.3.1/../../../../arm-none-eabi/lib/thumb/v6-m/nofp\libc_nano.a(lib_a-init.o)
 .debug_frame   0x0000000000004404       0x28 c:/st/stm32cubeide_1.10.1/stm32cubeide/plugins/com.st.stm32cube.ide.mcu.externaltools.gnu-tools-for-stm32.10.3-2021.10.win32_1.0.0.202111181127/tools/bin/../lib/gcc/arm-none-eabi/10.3.1/../../../../arm-none-eabi/lib/thumb/v6-m/nofp\libc_nano.a(lib_a-memcpy-stub.o)
 .debug_frame   0x000000000000442c       0x20 c:/st/stm32cubeide_1.10.1/stm32cubeide/plugins/com.st.stm32cube.ide.mcu.externaltools.gnu-tools-for-stm32.10.3-2021.10.win32_1.0.0.202111181127/tools/bin/../lib/gcc/arm-none-eabi/10.3.1/../../../../arm-none-eabi/lib/thumb/v6-m/nofp\libc_nano.a(lib_a-memset.o)
 .debug_frame   0x000000000000444c       0x20 c:/st/stm32cubeide_1.10.1/stm32cubeide/plugins/com.st.stm32cube.ide.mcu.externaltools.gnu-tools-for-stm32.10.3-2021.10.win32_1.0.0.202111181127/tools/bin/../lib/gcc/arm-none-eabi/10.3.1/thumb/v6-m/nofp\libgcc.a(_udivsi3.o)
 .debug_frame   0x000000000000446c       0x20 c:/st/stm32cubeide_1.10.1/stm32cubeide/plugins/com.st.stm32cube.ide.mcu.externaltools.gnu-tools-for-stm32.10.3-2021.10.win32_1.0.0.202111181127/tools/bin/../lib/gcc/arm-none-eabi/10.3.1/thumb/v6-m/nofp\libgcc.a(_divsi3.o)
 .debug_frame   0x000000000000448c       0x3c c:/st/stm32cubeide_1.10.1/stm32cubeide/plugins/com.st.stm32cube.ide.mcu.externaltools.gnu-tools-for-stm32.10.3-2021.10.win32_1.0.0.202111181127/tools/bin/../lib/gcc/arm-none-eabi/10.3.1/thumb/v6-m/nofp\libgcc.a(_udivmoddi4.o)
